[0.013s] Invoking command in '/home/huy/ur3_llm_ws/build/ur_moveit_config': CMAKE_PREFIX_PATH=${CMAKE_PREFIX_PATH}:/home/huy/ur3_llm_ws/install/ur3_llm_control:/opt/ros/humble PS1=${debian_chroot:+($debian_chroot)}\[\033[01;32m\]\u@\h\[\033[00m\]:\[\033[01;34m\]\w\[\033[00m\]\$ /usr/bin/cmake --build /home/huy/ur3_llm_ws/build/ur_moveit_config -- -j12 -l12
[0.094s] Built target ament_cmake_python_symlink_ur_moveit_config
[0.363s] running egg_info
[0.364s] writing ur_moveit_config.egg-info/PKG-INFO
[0.364s] writing dependency_links to ur_moveit_config.egg-info/dependency_links.txt
[0.365s] writing top-level names to ur_moveit_config.egg-info/top_level.txt
[0.368s] reading manifest file 'ur_moveit_config.egg-info/SOURCES.txt'
[0.369s] writing manifest file 'ur_moveit_config.egg-info/SOURCES.txt'
[0.393s] Built target ament_cmake_python_build_ur_moveit_config_egg
[0.402s] Invoked command in '/home/huy/ur3_llm_ws/build/ur_moveit_config' returned '0': CMAKE_PREFIX_PATH=${CMAKE_PREFIX_PATH}:/home/huy/ur3_llm_ws/install/ur3_llm_control:/opt/ros/humble PS1=${debian_chroot:+($debian_chroot)}\[\033[01;32m\]\u@\h\[\033[00m\]:\[\033[01;34m\]\w\[\033[00m\]\$ /usr/bin/cmake --build /home/huy/ur3_llm_ws/build/ur_moveit_config -- -j12 -l12
[0.411s] Invoking command in '/home/huy/ur3_llm_ws/build/ur_moveit_config': CMAKE_PREFIX_PATH=${CMAKE_PREFIX_PATH}:/home/huy/ur3_llm_ws/install/ur3_llm_control:/opt/ros/humble PS1=${debian_chroot:+($debian_chroot)}\[\033[01;32m\]\u@\h\[\033[00m\]:\[\033[01;34m\]\w\[\033[00m\]\$ /usr/bin/cmake --install /home/huy/ur3_llm_ws/build/ur_moveit_config
[0.418s] -- Install configuration: ""
[0.419s] -- Execute custom install script
[0.420s] -- Up-to-date symlink: /home/huy/ur3_llm_ws/install/ur_moveit_config/share/ur_moveit_config/config/controllers.yaml
[0.420s] -- Up-to-date symlink: /home/huy/ur3_llm_ws/install/ur_moveit_config/share/ur_moveit_config/config/joint_limits.yaml
[0.420s] -- Up-to-date symlink: /home/huy/ur3_llm_ws/install/ur_moveit_config/share/ur_moveit_config/config/kinematics.yaml
[0.420s] -- Up-to-date symlink: /home/huy/ur3_llm_ws/install/ur_moveit_config/share/ur_moveit_config/config/ompl_planning.yaml
[0.420s] -- Up-to-date symlink: /home/huy/ur3_llm_ws/install/ur_moveit_config/share/ur_moveit_config/config/ur_servo.yaml
[0.420s] -- Up-to-date symlink: /home/huy/ur3_llm_ws/install/ur_moveit_config/share/ur_moveit_config/launch/ur_moveit.launch.py
[0.420s] -- Up-to-date symlink: /home/huy/ur3_llm_ws/install/ur_moveit_config/share/ur_moveit_config/rviz/view_robot.rviz
[0.420s] -- Up-to-date symlink: /home/huy/ur3_llm_ws/install/ur_moveit_config/share/ur_moveit_config/srdf/ur.srdf.xacro
[0.420s] -- Up-to-date symlink: /home/huy/ur3_llm_ws/install/ur_moveit_config/share/ur_moveit_config/srdf/ur_macro.srdf.xacro
[0.420s] -- Up-to-date symlink: /home/huy/ur3_llm_ws/install/ur_moveit_config/share/ur_moveit_config/environment/pythonpath.sh
[0.420s] -- Up-to-date symlink: /home/huy/ur3_llm_ws/install/ur_moveit_config/share/ur_moveit_config/environment/pythonpath.dsv
[0.420s] -- Up-to-date symlink: /home/huy/ur3_llm_ws/install/ur_moveit_config/local/lib/python3.10/dist-packages/ur_moveit_config-2.15.0-py3.10.egg-info/PKG-INFO
[0.421s] -- Up-to-date symlink: /home/huy/ur3_llm_ws/install/ur_moveit_config/local/lib/python3.10/dist-packages/ur_moveit_config-2.15.0-py3.10.egg-info/SOURCES.txt
[0.421s] -- Up-to-date symlink: /home/huy/ur3_llm_ws/install/ur_moveit_config/local/lib/python3.10/dist-packages/ur_moveit_config-2.15.0-py3.10.egg-info/dependency_links.txt
[0.421s] -- Up-to-date symlink: /home/huy/ur3_llm_ws/install/ur_moveit_config/local/lib/python3.10/dist-packages/ur_moveit_config-2.15.0-py3.10.egg-info/top_level.txt
[0.421s] -- Up-to-date symlink: /home/huy/ur3_llm_ws/install/ur_moveit_config/local/lib/python3.10/dist-packages/ur_moveit_config/__init__.py
[0.421s] -- Up-to-date symlink: /home/huy/ur3_llm_ws/install/ur_moveit_config/local/lib/python3.10/dist-packages/ur_moveit_config/launch_common.py
[0.421s] -- Up-to-date symlink: /home/huy/ur3_llm_ws/install/ur_moveit_config/local/lib/python3.10/dist-packages/launch_common.py
[0.422s] -- Up-to-date symlink: /home/huy/ur3_llm_ws/install/ur_moveit_config/share/ament_index/resource_index/package_run_dependencies/ur_moveit_config
[0.422s] -- Up-to-date symlink: /home/huy/ur3_llm_ws/install/ur_moveit_config/share/ament_index/resource_index/parent_prefix_path/ur_moveit_config
[0.422s] -- Up-to-date symlink: /home/huy/ur3_llm_ws/install/ur_moveit_config/share/ur_moveit_config/environment/ament_prefix_path.sh
[0.422s] -- Up-to-date symlink: /home/huy/ur3_llm_ws/install/ur_moveit_config/share/ur_moveit_config/environment/ament_prefix_path.dsv
[0.422s] -- Up-to-date symlink: /home/huy/ur3_llm_ws/install/ur_moveit_config/share/ur_moveit_config/environment/path.sh
[0.422s] -- Up-to-date symlink: /home/huy/ur3_llm_ws/install/ur_moveit_config/share/ur_moveit_config/environment/path.dsv
[0.422s] -- Up-to-date symlink: /home/huy/ur3_llm_ws/install/ur_moveit_config/share/ur_moveit_config/local_setup.bash
[0.422s] -- Up-to-date symlink: /home/huy/ur3_llm_ws/install/ur_moveit_config/share/ur_moveit_config/local_setup.sh
[0.423s] -- Up-to-date symlink: /home/huy/ur3_llm_ws/install/ur_moveit_config/share/ur_moveit_config/local_setup.zsh
[0.423s] -- Up-to-date symlink: /home/huy/ur3_llm_ws/install/ur_moveit_config/share/ur_moveit_config/local_setup.dsv
[0.423s] -- Symlinking: /home/huy/ur3_llm_ws/install/ur_moveit_config/share/ur_moveit_config/package.dsv
[0.431s] -- Up-to-date symlink: /home/huy/ur3_llm_ws/install/ur_moveit_config/share/ament_index/resource_index/packages/ur_moveit_config
[0.431s] -- Up-to-date symlink: /home/huy/ur3_llm_ws/install/ur_moveit_config/share/ur_moveit_config/cmake/ur_moveit_configConfig.cmake
[0.431s] -- Up-to-date symlink: /home/huy/ur3_llm_ws/install/ur_moveit_config/share/ur_moveit_config/cmake/ur_moveit_configConfig-version.cmake
[0.431s] -- Up-to-date symlink: /home/huy/ur3_llm_ws/install/ur_moveit_config/share/ur_moveit_config/package.xml
[0.459s] Listing '/home/huy/ur3_llm_ws/install/ur_moveit_config/local/lib/python3.10/dist-packages/ur_moveit_config'...
[0.499s] Invoked command in '/home/huy/ur3_llm_ws/build/ur_moveit_config' returned '0': CMAKE_PREFIX_PATH=${CMAKE_PREFIX_PATH}:/home/huy/ur3_llm_ws/install/ur3_llm_control:/opt/ros/humble PS1=${debian_chroot:+($debian_chroot)}\[\033[01;32m\]\u@\h\[\033[00m\]:\[\033[01;34m\]\w\[\033[00m\]\$ /usr/bin/cmake --install /home/huy/ur3_llm_ws/build/ur_moveit_config
