[0.019s] Invoking command in '/home/huy/ur3_llm_ws/build/ur_robot_driver': CMAKE_PREFIX_PATH=/home/huy/ur3_llm_ws/install/ur_controllers:/home/huy/ur3_llm_ws/install/ur_dashboard_msgs:/home/huy/ros2_ws/install/ur_simulation_gz:/home/huy/ros2_ws/install/ur_letter_writer:/home/huy/ur3_llm_ws/install/ur:/home/huy/ur3_llm_ws/install/ur_calibration:/home/huy/ur3_llm_ws/install/ur_robot_driver:/home/huy/ur3_llm_ws/install/ur_moveit_config:/home/huy/ur3_llm_ws/install/ur_bringup:/home/huy/ur3_llm_ws/install/ur3_robot_skills:/home/huy/xecuahuy_ws/install/xecuahuy:/home/huy/xecuahuy_ws/install/slam_gmapping:/home/huy/xecuahuy_ws/install/openslam_gmapping:/home/huy/xecuahuy_ws/install/aws_robomaker_small_warehouse_world:/home/huy/ur3_llm_ws/install/ur3_llm_control:/opt/ros/humble LD_LIBRARY_PATH=/home/huy/ur3_llm_ws/install/ur_controllers/lib:/home/huy/ur3_llm_ws/install/ur_dashboard_msgs/lib:/home/huy/ur3_llm_ws/install/ur_robot_driver/lib:/home/huy/xecuahuy_ws/install/openslam_gmapping/lib:/usr/lib/x86_64-linux-gnu/gazebo-11/plugins:/opt/ros/humble/opt/rviz_ogre_vendor/lib:/opt/ros/humble/lib/x86_64-linux-gnu:/opt/ros/humble/lib:/usr/lib/x86_64-linux-gnu/gazebo-11/plugins:/usr/lib/x86_64-linux-gnu/gazebo-11/plugins:/usr/lib/x86_64-linux-gnu/gazebo-11/plugins PS1=${debian_chroot:+($debian_chroot)}\[\033[01;32m\]\u@\h\[\033[00m\]:\[\033[01;34m\]\w\[\033[00m\]\$ /usr/bin/cmake --build /home/huy/ur3_llm_ws/build/ur_robot_driver -- -j12 -l12
[0.099s] [  6%] Built target gmock_main
[0.100s] [ 17%] Built target gmock
[0.103s] [ 24%] Built target ur_ros2_control_node
[0.104s] [ 34%] Built target controller_stopper_node
[0.108s] [ 44%] Built target robot_state_helper_lib
[0.110s] [ 44%] Built target ament_cmake_python_symlink_ur_robot_driver
[0.110s] [ 51%] Built target trajectory_until_node
[0.111s] [ 58%] Built target urscript_interface
[0.111s] [ 72%] Built target ur_robot_driver_plugin
[0.116s] [ 86%] Built target dashboard_client
[0.141s] [ 93%] Built target robot_state_helper
[0.146s] [100%] Built target test_robot_state_helper
[0.391s] running egg_info
[0.392s] writing ur_robot_driver.egg-info/PKG-INFO
[0.392s] writing dependency_links to ur_robot_driver.egg-info/dependency_links.txt
[0.392s] writing top-level names to ur_robot_driver.egg-info/top_level.txt
[0.395s] reading manifest file 'ur_robot_driver.egg-info/SOURCES.txt'
[0.398s] writing manifest file 'ur_robot_driver.egg-info/SOURCES.txt'
[0.432s] [100%] Built target ament_cmake_python_build_ur_robot_driver_egg
[0.443s] Invoked command in '/home/huy/ur3_llm_ws/build/ur_robot_driver' returned '0': CMAKE_PREFIX_PATH=/home/huy/ur3_llm_ws/install/ur_controllers:/home/huy/ur3_llm_ws/install/ur_dashboard_msgs:/home/huy/ros2_ws/install/ur_simulation_gz:/home/huy/ros2_ws/install/ur_letter_writer:/home/huy/ur3_llm_ws/install/ur:/home/huy/ur3_llm_ws/install/ur_calibration:/home/huy/ur3_llm_ws/install/ur_robot_driver:/home/huy/ur3_llm_ws/install/ur_moveit_config:/home/huy/ur3_llm_ws/install/ur_bringup:/home/huy/ur3_llm_ws/install/ur3_robot_skills:/home/huy/xecuahuy_ws/install/xecuahuy:/home/huy/xecuahuy_ws/install/slam_gmapping:/home/huy/xecuahuy_ws/install/openslam_gmapping:/home/huy/xecuahuy_ws/install/aws_robomaker_small_warehouse_world:/home/huy/ur3_llm_ws/install/ur3_llm_control:/opt/ros/humble LD_LIBRARY_PATH=/home/huy/ur3_llm_ws/install/ur_controllers/lib:/home/huy/ur3_llm_ws/install/ur_dashboard_msgs/lib:/home/huy/ur3_llm_ws/install/ur_robot_driver/lib:/home/huy/xecuahuy_ws/install/openslam_gmapping/lib:/usr/lib/x86_64-linux-gnu/gazebo-11/plugins:/opt/ros/humble/opt/rviz_ogre_vendor/lib:/opt/ros/humble/lib/x86_64-linux-gnu:/opt/ros/humble/lib:/usr/lib/x86_64-linux-gnu/gazebo-11/plugins:/usr/lib/x86_64-linux-gnu/gazebo-11/plugins:/usr/lib/x86_64-linux-gnu/gazebo-11/plugins PS1=${debian_chroot:+($debian_chroot)}\[\033[01;32m\]\u@\h\[\033[00m\]:\[\033[01;34m\]\w\[\033[00m\]\$ /usr/bin/cmake --build /home/huy/ur3_llm_ws/build/ur_robot_driver -- -j12 -l12
[0.446s] Invoking command in '/home/huy/ur3_llm_ws/build/ur_robot_driver': CMAKE_PREFIX_PATH=/home/huy/ur3_llm_ws/install/ur_controllers:/home/huy/ur3_llm_ws/install/ur_dashboard_msgs:/home/huy/ros2_ws/install/ur_simulation_gz:/home/huy/ros2_ws/install/ur_letter_writer:/home/huy/ur3_llm_ws/install/ur:/home/huy/ur3_llm_ws/install/ur_calibration:/home/huy/ur3_llm_ws/install/ur_robot_driver:/home/huy/ur3_llm_ws/install/ur_moveit_config:/home/huy/ur3_llm_ws/install/ur_bringup:/home/huy/ur3_llm_ws/install/ur3_robot_skills:/home/huy/xecuahuy_ws/install/xecuahuy:/home/huy/xecuahuy_ws/install/slam_gmapping:/home/huy/xecuahuy_ws/install/openslam_gmapping:/home/huy/xecuahuy_ws/install/aws_robomaker_small_warehouse_world:/home/huy/ur3_llm_ws/install/ur3_llm_control:/opt/ros/humble LD_LIBRARY_PATH=/home/huy/ur3_llm_ws/install/ur_controllers/lib:/home/huy/ur3_llm_ws/install/ur_dashboard_msgs/lib:/home/huy/ur3_llm_ws/install/ur_robot_driver/lib:/home/huy/xecuahuy_ws/install/openslam_gmapping/lib:/usr/lib/x86_64-linux-gnu/gazebo-11/plugins:/opt/ros/humble/opt/rviz_ogre_vendor/lib:/opt/ros/humble/lib/x86_64-linux-gnu:/opt/ros/humble/lib:/usr/lib/x86_64-linux-gnu/gazebo-11/plugins:/usr/lib/x86_64-linux-gnu/gazebo-11/plugins:/usr/lib/x86_64-linux-gnu/gazebo-11/plugins PS1=${debian_chroot:+($debian_chroot)}\[\033[01;32m\]\u@\h\[\033[00m\]:\[\033[01;34m\]\w\[\033[00m\]\$ /usr/bin/cmake --install /home/huy/ur3_llm_ws/build/ur_robot_driver
[0.454s] -- Install configuration: "RelWithDebInfo"
[0.455s] -- Execute custom install script
[0.455s] -- Up-to-date symlink: /home/huy/ur3_llm_ws/install/ur_robot_driver/share/ur_robot_driver//hardware_interface_plugin.xml
[0.456s] -- Up-to-date symlink: /home/huy/ur3_llm_ws/install/ur_robot_driver/lib/ur_robot_driver/controller_stopper_node
[0.456s] -- Up-to-date symlink: /home/huy/ur3_llm_ws/install/ur_robot_driver/lib/ur_robot_driver/dashboard_client
[0.456s] -- Up-to-date symlink: /home/huy/ur3_llm_ws/install/ur_robot_driver/lib/ur_robot_driver/robot_state_helper
[0.456s] -- Up-to-date symlink: /home/huy/ur3_llm_ws/install/ur_robot_driver/lib/ur_robot_driver/trajectory_until_node
[0.456s] -- Up-to-date symlink: /home/huy/ur3_llm_ws/install/ur_robot_driver/lib/ur_robot_driver/ur_ros2_control_node
[0.456s] -- Up-to-date symlink: /home/huy/ur3_llm_ws/install/ur_robot_driver/lib/ur_robot_driver/urscript_interface
[0.456s] -- Up-to-date symlink: /home/huy/ur3_llm_ws/install/ur_robot_driver/lib/libur_robot_driver_plugin.so
[0.456s] -- Up-to-date symlink: /home/huy/ur3_llm_ws/install/ur_robot_driver/include/ur_robot_driver/controller_stopper.hpp
[0.457s] -- Up-to-date symlink: /home/huy/ur3_llm_ws/install/ur_robot_driver/include/ur_robot_driver/dashboard_client_ros.hpp
[0.457s] -- Up-to-date symlink: /home/huy/ur3_llm_ws/install/ur_robot_driver/include/ur_robot_driver/hardware_interface.hpp
[0.457s] -- Up-to-date symlink: /home/huy/ur3_llm_ws/install/ur_robot_driver/include/ur_robot_driver/robot_state_helper.hpp
[0.458s] -- Up-to-date symlink: /home/huy/ur3_llm_ws/install/ur_robot_driver/include/ur_robot_driver/trajectory_until_node.hpp
[0.458s] -- Up-to-date symlink: /home/huy/ur3_llm_ws/install/ur_robot_driver/include/ur_robot_driver/urcl_log_handler.hpp
[0.458s] -- Up-to-date symlink: /home/huy/ur3_llm_ws/install/ur_robot_driver/share/ur_robot_driver/environment/library_path.sh
[0.458s] -- Up-to-date symlink: /home/huy/ur3_llm_ws/install/ur_robot_driver/share/ur_robot_driver/environment/library_path.dsv
[0.458s] -- Up-to-date symlink: /home/huy/ur3_llm_ws/install/ur_robot_driver/include/ur_robot_driver/controller_stopper.hpp
[0.458s] -- Up-to-date symlink: /home/huy/ur3_llm_ws/install/ur_robot_driver/include/ur_robot_driver/dashboard_client_ros.hpp
[0.458s] -- Up-to-date symlink: /home/huy/ur3_llm_ws/install/ur_robot_driver/include/ur_robot_driver/hardware_interface.hpp
[0.458s] -- Up-to-date symlink: /home/huy/ur3_llm_ws/install/ur_robot_driver/include/ur_robot_driver/robot_state_helper.hpp
[0.458s] -- Up-to-date symlink: /home/huy/ur3_llm_ws/install/ur_robot_driver/include/ur_robot_driver/trajectory_until_node.hpp
[0.458s] -- Up-to-date symlink: /home/huy/ur3_llm_ws/install/ur_robot_driver/include/ur_robot_driver/urcl_log_handler.hpp
[0.458s] -- Up-to-date symlink: /home/huy/ur3_llm_ws/install/ur_robot_driver/share/ur_robot_driver/environment/pythonpath.sh
[0.458s] -- Up-to-date symlink: /home/huy/ur3_llm_ws/install/ur_robot_driver/share/ur_robot_driver/environment/pythonpath.dsv
[0.458s] -- Up-to-date symlink: /home/huy/ur3_llm_ws/install/ur_robot_driver/local/lib/python3.10/dist-packages/ur_robot_driver-2.15.0-py3.10.egg-info/PKG-INFO
[0.458s] -- Up-to-date symlink: /home/huy/ur3_llm_ws/install/ur_robot_driver/local/lib/python3.10/dist-packages/ur_robot_driver-2.15.0-py3.10.egg-info/SOURCES.txt
[0.459s] -- Up-to-date symlink: /home/huy/ur3_llm_ws/install/ur_robot_driver/local/lib/python3.10/dist-packages/ur_robot_driver-2.15.0-py3.10.egg-info/dependency_links.txt
[0.459s] -- Up-to-date symlink: /home/huy/ur3_llm_ws/install/ur_robot_driver/local/lib/python3.10/dist-packages/ur_robot_driver-2.15.0-py3.10.egg-info/top_level.txt
[0.459s] -- Up-to-date symlink: /home/huy/ur3_llm_ws/install/ur_robot_driver/local/lib/python3.10/dist-packages/ur_robot_driver/__init__.py
[0.459s] -- Up-to-date symlink: /home/huy/ur3_llm_ws/install/ur_robot_driver/lib/ur_robot_driver/tool_communication.py
[0.459s] -- Up-to-date symlink: /home/huy/ur3_llm_ws/install/ur_robot_driver/lib/ur_robot_driver/example_move.py
[0.459s] -- Up-to-date symlink: /home/huy/ur3_llm_ws/install/ur_robot_driver/lib/ur_robot_driver/start_ursim.sh
[0.459s] -- Up-to-date symlink: /home/huy/ur3_llm_ws/install/ur_robot_driver/lib/ur_robot_driver/wait_robot_booted.py
[0.459s] -- Up-to-date symlink: /home/huy/ur3_llm_ws/install/ur_robot_driver/lib/ur_robot_driver/examples.py
[0.459s] -- Up-to-date symlink: /home/huy/ur3_llm_ws/install/ur_robot_driver/lib/ur_robot_driver/force_mode.py
[0.459s] -- Up-to-date symlink: /home/huy/ur3_llm_ws/install/ur_robot_driver/lib/ur_robot_driver/move_until_example.py
[0.459s] -- Up-to-date symlink: /home/huy/ur3_llm_ws/install/ur_robot_driver/bin/wait_dashboard_server.sh
[0.460s] -- Up-to-date symlink: /home/huy/ur3_llm_ws/install/ur_robot_driver/lib/ur_robot_driver/start_ursim.sh
[0.460s] -- Up-to-date symlink: /home/huy/ur3_llm_ws/install/ur_robot_driver/share/ur_robot_driver/config/test_goal_publishers_config.yaml
[0.460s] -- Up-to-date symlink: /home/huy/ur3_llm_ws/install/ur_robot_driver/share/ur_robot_driver/config/test_velocity_goal_publishers_config.yaml
[0.460s] -- Up-to-date symlink: /home/huy/ur3_llm_ws/install/ur_robot_driver/share/ur_robot_driver/config/ur10_update_rate.yaml
[0.460s] -- Up-to-date symlink: /home/huy/ur3_llm_ws/install/ur_robot_driver/share/ur_robot_driver/config/ur10e_update_rate.yaml
[0.460s] -- Up-to-date symlink: /home/huy/ur3_llm_ws/install/ur_robot_driver/share/ur_robot_driver/config/ur12e_update_rate.yaml
[0.460s] -- Up-to-date symlink: /home/huy/ur3_llm_ws/install/ur_robot_driver/share/ur_robot_driver/config/ur15_update_rate.yaml
[0.460s] -- Up-to-date symlink: /home/huy/ur3_llm_ws/install/ur_robot_driver/share/ur_robot_driver/config/ur16e_update_rate.yaml
[0.461s] -- Up-to-date symlink: /home/huy/ur3_llm_ws/install/ur_robot_driver/share/ur_robot_driver/config/ur18_update_rate.yaml
[0.461s] -- Up-to-date symlink: /home/huy/ur3_llm_ws/install/ur_robot_driver/share/ur_robot_driver/config/ur20_update_rate.yaml
[0.461s] -- Up-to-date symlink: /home/huy/ur3_llm_ws/install/ur_robot_driver/share/ur_robot_driver/config/ur30_update_rate.yaml
[0.461s] -- Up-to-date symlink: /home/huy/ur3_llm_ws/install/ur_robot_driver/share/ur_robot_driver/config/ur3_update_rate.yaml
[0.461s] -- Up-to-date symlink: /home/huy/ur3_llm_ws/install/ur_robot_driver/share/ur_robot_driver/config/ur3e_update_rate.yaml
[0.461s] -- Up-to-date symlink: /home/huy/ur3_llm_ws/install/ur_robot_driver/share/ur_robot_driver/config/ur5_update_rate.yaml
[0.461s] -- Up-to-date symlink: /home/huy/ur3_llm_ws/install/ur_robot_driver/share/ur_robot_driver/config/ur5e_update_rate.yaml
[0.461s] -- Up-to-date symlink: /home/huy/ur3_llm_ws/install/ur_robot_driver/share/ur_robot_driver/config/ur7e_update_rate.yaml
[0.461s] -- Up-to-date symlink: /home/huy/ur3_llm_ws/install/ur_robot_driver/share/ur_robot_driver/config/ur8long_update_rate.yaml
[0.461s] -- Up-to-date symlink: /home/huy/ur3_llm_ws/install/ur_robot_driver/share/ur_robot_driver/config/ur_controllers.yaml
[0.461s] -- Up-to-date symlink: /home/huy/ur3_llm_ws/install/ur_robot_driver/share/ur_robot_driver/launch/test_forward_velocity_controller.launch.py
[0.461s] -- Up-to-date symlink: /home/huy/ur3_llm_ws/install/ur_robot_driver/share/ur_robot_driver/launch/test_joint_trajectory_controller.launch.py
[0.461s] -- Up-to-date symlink: /home/huy/ur3_llm_ws/install/ur_robot_driver/share/ur_robot_driver/launch/test_scaled_joint_trajectory_controller.launch.py
[0.461s] -- Up-to-date symlink: /home/huy/ur3_llm_ws/install/ur_robot_driver/share/ur_robot_driver/launch/ur10.launch.py
[0.461s] -- Up-to-date symlink: /home/huy/ur3_llm_ws/install/ur_robot_driver/share/ur_robot_driver/launch/ur10e.launch.py
[0.461s] -- Up-to-date symlink: /home/huy/ur3_llm_ws/install/ur_robot_driver/share/ur_robot_driver/launch/ur12e.launch.py
[0.461s] -- Up-to-date symlink: /home/huy/ur3_llm_ws/install/ur_robot_driver/share/ur_robot_driver/launch/ur15.launch.py
[0.461s] -- Up-to-date symlink: /home/huy/ur3_llm_ws/install/ur_robot_driver/share/ur_robot_driver/launch/ur16e.launch.py
[0.461s] -- Up-to-date symlink: /home/huy/ur3_llm_ws/install/ur_robot_driver/share/ur_robot_driver/launch/ur18.launch.py
[0.462s] -- Up-to-date symlink: /home/huy/ur3_llm_ws/install/ur_robot_driver/share/ur_robot_driver/launch/ur20.launch.py
[0.462s] -- Up-to-date symlink: /home/huy/ur3_llm_ws/install/ur_robot_driver/share/ur_robot_driver/launch/ur3.launch.py
[0.462s] -- Up-to-date symlink: /home/huy/ur3_llm_ws/install/ur_robot_driver/share/ur_robot_driver/launch/ur30.launch.py
[0.462s] -- Up-to-date symlink: /home/huy/ur3_llm_ws/install/ur_robot_driver/share/ur_robot_driver/launch/ur3e.launch.py
[0.462s] -- Up-to-date symlink: /home/huy/ur3_llm_ws/install/ur_robot_driver/share/ur_robot_driver/launch/ur5.launch.py
[0.462s] -- Up-to-date symlink: /home/huy/ur3_llm_ws/install/ur_robot_driver/share/ur_robot_driver/launch/ur5e.launch.py
[0.462s] -- Up-to-date symlink: /home/huy/ur3_llm_ws/install/ur_robot_driver/share/ur_robot_driver/launch/ur7e.launch.py
[0.462s] -- Up-to-date symlink: /home/huy/ur3_llm_ws/install/ur_robot_driver/share/ur_robot_driver/launch/ur8long.launch.py
[0.462s] -- Up-to-date symlink: /home/huy/ur3_llm_ws/install/ur_robot_driver/share/ur_robot_driver/launch/ur_control.launch.py
[0.462s] -- Up-to-date symlink: /home/huy/ur3_llm_ws/install/ur_robot_driver/share/ur_robot_driver/launch/ur_dashboard_client.launch.py
[0.462s] -- Up-to-date symlink: /home/huy/ur3_llm_ws/install/ur_robot_driver/share/ament_index/resource_index/package_run_dependencies/ur_robot_driver
[0.463s] -- Up-to-date symlink: /home/huy/ur3_llm_ws/install/ur_robot_driver/share/ament_index/resource_index/parent_prefix_path/ur_robot_driver
[0.465s] -- Up-to-date symlink: /home/huy/ur3_llm_ws/install/ur_robot_driver/share/ur_robot_driver/environment/ament_prefix_path.sh
[0.465s] -- Up-to-date symlink: /home/huy/ur3_llm_ws/install/ur_robot_driver/share/ur_robot_driver/environment/ament_prefix_path.dsv
[0.466s] -- Up-to-date symlink: /home/huy/ur3_llm_ws/install/ur_robot_driver/share/ur_robot_driver/environment/path.sh
[0.466s] -- Up-to-date symlink: /home/huy/ur3_llm_ws/install/ur_robot_driver/share/ur_robot_driver/environment/path.dsv
[0.466s] -- Up-to-date symlink: /home/huy/ur3_llm_ws/install/ur_robot_driver/share/ur_robot_driver/local_setup.bash
[0.466s] -- Up-to-date symlink: /home/huy/ur3_llm_ws/install/ur_robot_driver/share/ur_robot_driver/local_setup.sh
[0.467s] -- Up-to-date symlink: /home/huy/ur3_llm_ws/install/ur_robot_driver/share/ur_robot_driver/local_setup.zsh
[0.468s] -- Up-to-date symlink: /home/huy/ur3_llm_ws/install/ur_robot_driver/share/ur_robot_driver/local_setup.dsv
[0.468s] -- Symlinking: /home/huy/ur3_llm_ws/install/ur_robot_driver/share/ur_robot_driver/package.dsv
[0.471s] -- Up-to-date symlink: /home/huy/ur3_llm_ws/install/ur_robot_driver/share/ament_index/resource_index/packages/ur_robot_driver
[0.471s] -- Up-to-date symlink: /home/huy/ur3_llm_ws/install/ur_robot_driver/share/ament_index/resource_index/hardware_interface__pluginlib__plugin/ur_robot_driver
[0.472s] -- Up-to-date symlink: /home/huy/ur3_llm_ws/install/ur_robot_driver/share/ur_robot_driver/cmake/ament_cmake_export_include_directories-extras.cmake
[0.472s] -- Up-to-date symlink: /home/huy/ur3_llm_ws/install/ur_robot_driver/share/ur_robot_driver/cmake/ament_cmake_export_libraries-extras.cmake
[0.472s] -- Up-to-date symlink: /home/huy/ur3_llm_ws/install/ur_robot_driver/share/ur_robot_driver/cmake/ament_cmake_export_dependencies-extras.cmake
[0.472s] -- Up-to-date symlink: /home/huy/ur3_llm_ws/install/ur_robot_driver/share/ur_robot_driver/cmake/ur_robot_driverConfig.cmake
[0.472s] -- Up-to-date symlink: /home/huy/ur3_llm_ws/install/ur_robot_driver/share/ur_robot_driver/cmake/ur_robot_driverConfig-version.cmake
[0.472s] -- Up-to-date symlink: /home/huy/ur3_llm_ws/install/ur_robot_driver/share/ur_robot_driver/package.xml
[0.473s] -- Up-to-date: /home/huy/ur3_llm_ws/install/ur_robot_driver/lib/librobot_state_helper_lib.so
[0.473s] -- Up-to-date: /home/huy/ur3_llm_ws/install/ur_robot_driver/share/ur_robot_driver/resources
[0.473s] -- Up-to-date: /home/huy/ur3_llm_ws/install/ur_robot_driver/share/ur_robot_driver/resources/rs485-1.0.urcap
[0.473s] -- Up-to-date: /home/huy/ur3_llm_ws/install/ur_robot_driver/share/ur_robot_driver/resources/ros_control.urscript
[0.473s] -- Up-to-date: /home/huy/ur3_llm_ws/install/ur_robot_driver/share/ur_robot_driver/resources/rtde_input_recipe.txt
[0.473s] -- Up-to-date: /home/huy/ur3_llm_ws/install/ur_robot_driver/share/ur_robot_driver/resources/rtde_output_recipe.txt
[0.473s] -- Up-to-date: /home/huy/ur3_llm_ws/install/ur_robot_driver/share/ur_robot_driver/resources/externalcontrol-1.0.5.urcap
[0.505s] Listing '/home/huy/ur3_llm_ws/install/ur_robot_driver/local/lib/python3.10/dist-packages/ur_robot_driver'...
[0.512s] Invoked command in '/home/huy/ur3_llm_ws/build/ur_robot_driver' returned '0': CMAKE_PREFIX_PATH=/home/huy/ur3_llm_ws/install/ur_controllers:/home/huy/ur3_llm_ws/install/ur_dashboard_msgs:/home/huy/ros2_ws/install/ur_simulation_gz:/home/huy/ros2_ws/install/ur_letter_writer:/home/huy/ur3_llm_ws/install/ur:/home/huy/ur3_llm_ws/install/ur_calibration:/home/huy/ur3_llm_ws/install/ur_robot_driver:/home/huy/ur3_llm_ws/install/ur_moveit_config:/home/huy/ur3_llm_ws/install/ur_bringup:/home/huy/ur3_llm_ws/install/ur3_robot_skills:/home/huy/xecuahuy_ws/install/xecuahuy:/home/huy/xecuahuy_ws/install/slam_gmapping:/home/huy/xecuahuy_ws/install/openslam_gmapping:/home/huy/xecuahuy_ws/install/aws_robomaker_small_warehouse_world:/home/huy/ur3_llm_ws/install/ur3_llm_control:/opt/ros/humble LD_LIBRARY_PATH=/home/huy/ur3_llm_ws/install/ur_controllers/lib:/home/huy/ur3_llm_ws/install/ur_dashboard_msgs/lib:/home/huy/ur3_llm_ws/install/ur_robot_driver/lib:/home/huy/xecuahuy_ws/install/openslam_gmapping/lib:/usr/lib/x86_64-linux-gnu/gazebo-11/plugins:/opt/ros/humble/opt/rviz_ogre_vendor/lib:/opt/ros/humble/lib/x86_64-linux-gnu:/opt/ros/humble/lib:/usr/lib/x86_64-linux-gnu/gazebo-11/plugins:/usr/lib/x86_64-linux-gnu/gazebo-11/plugins:/usr/lib/x86_64-linux-gnu/gazebo-11/plugins PS1=${debian_chroot:+($debian_chroot)}\[\033[01;32m\]\u@\h\[\033[00m\]:\[\033[01;34m\]\w\[\033[00m\]\$ /usr/bin/cmake --install /home/huy/ur3_llm_ws/build/ur_robot_driver
