-- The C compiler identification is GNU 11.4.0
-- The CXX compiler identification is GNU 11.4.0
-- Detecting C compiler ABI info
-- Detecting C compiler ABI info - done
-- Check for working C compiler: /usr/bin/cc - skipped
-- Detecting C compile features
-- Detecting C compile features - done
-- Detecting CXX compiler ABI info
-- Detecting CXX compiler ABI info - done
-- Check for working CXX compiler: /usr/bin/c++ - skipped
-- Detecting CXX compile features
-- Detecting CXX compile features - done
-- Found ament_cmake: 1.3.14 (/opt/ros/humble/share/ament_cmake/cmake)
-- Found Python3: /usr/bin/python3 (found version "3.10.12") found components: Interpreter 
-- Override CMake install command with custom implementation using symlinks instead of copying resources
-- Configuring done
-- Generating done
-- Build files have been written to: /home/huy/ur3_llm_ws/build/ur_bringup
-- Install configuration: ""
-- Execute custom install script
-- Symlinking: /home/huy/ur3_llm_ws/install/ur_bringup/share/ur_bringup/config/test_goal_publishers_config.yaml
-- Symlinking: /home/huy/ur3_llm_ws/install/ur_bringup/share/ur_bringup/config/test_velocity_goal_publishers_config.yaml
-- Symlinking: /home/huy/ur3_llm_ws/install/ur_bringup/share/ur_bringup/config/ur10_update_rate.yaml
-- Symlinking: /home/huy/ur3_llm_ws/install/ur_bringup/share/ur_bringup/config/ur10e_update_rate.yaml
-- Symlinking: /home/huy/ur3_llm_ws/install/ur_bringup/share/ur_bringup/config/ur16e_update_rate.yaml
-- Symlinking: /home/huy/ur3_llm_ws/install/ur_bringup/share/ur_bringup/config/ur18_update_rate.yaml
-- Symlinking: /home/huy/ur3_llm_ws/install/ur_bringup/share/ur_bringup/config/ur3_update_rate.yaml
-- Symlinking: /home/huy/ur3_llm_ws/install/ur_bringup/share/ur_bringup/config/ur3e_update_rate.yaml
-- Symlinking: /home/huy/ur3_llm_ws/install/ur_bringup/share/ur_bringup/config/ur5_update_rate.yaml
-- Symlinking: /home/huy/ur3_llm_ws/install/ur_bringup/share/ur_bringup/config/ur5e_update_rate.yaml
-- Symlinking: /home/huy/ur3_llm_ws/install/ur_bringup/share/ur_bringup/config/ur8long_update_rate.yaml
-- Symlinking: /home/huy/ur3_llm_ws/install/ur_bringup/share/ur_bringup/config/ur_controllers.yaml
-- Symlinking: /home/huy/ur3_llm_ws/install/ur_bringup/share/ur_bringup/launch/test_forward_velocity_controller.launch.py
-- Symlinking: /home/huy/ur3_llm_ws/install/ur_bringup/share/ur_bringup/launch/test_joint_trajectory_controller.launch.py
-- Symlinking: /home/huy/ur3_llm_ws/install/ur_bringup/share/ur_bringup/launch/test_scaled_joint_trajectory_controller.launch.py
-- Symlinking: /home/huy/ur3_llm_ws/install/ur_bringup/share/ur_bringup/launch/ur10.launch.py
-- Symlinking: /home/huy/ur3_llm_ws/install/ur_bringup/share/ur_bringup/launch/ur10e.launch.py
-- Symlinking: /home/huy/ur3_llm_ws/install/ur_bringup/share/ur_bringup/launch/ur12e.launch.py
-- Symlinking: /home/huy/ur3_llm_ws/install/ur_bringup/share/ur_bringup/launch/ur15.launch.py
-- Symlinking: /home/huy/ur3_llm_ws/install/ur_bringup/share/ur_bringup/launch/ur16e.launch.py
-- Symlinking: /home/huy/ur3_llm_ws/install/ur_bringup/share/ur_bringup/launch/ur18.launch.py
-- Symlinking: /home/huy/ur3_llm_ws/install/ur_bringup/share/ur_bringup/launch/ur20.launch.py
-- Symlinking: /home/huy/ur3_llm_ws/install/ur_bringup/share/ur_bringup/launch/ur3.launch.py
-- Symlinking: /home/huy/ur3_llm_ws/install/ur_bringup/share/ur_bringup/launch/ur30.launch.py
-- Symlinking: /home/huy/ur3_llm_ws/install/ur_bringup/share/ur_bringup/launch/ur3e.launch.py
-- Symlinking: /home/huy/ur3_llm_ws/install/ur_bringup/share/ur_bringup/launch/ur5.launch.py
-- Symlinking: /home/huy/ur3_llm_ws/install/ur_bringup/share/ur_bringup/launch/ur5e.launch.py
-- Symlinking: /home/huy/ur3_llm_ws/install/ur_bringup/share/ur_bringup/launch/ur7e.launch.py
-- Symlinking: /home/huy/ur3_llm_ws/install/ur_bringup/share/ur_bringup/launch/ur8long.launch.py
-- Symlinking: /home/huy/ur3_llm_ws/install/ur_bringup/share/ur_bringup/launch/ur_control.launch.py
-- Symlinking: /home/huy/ur3_llm_ws/install/ur_bringup/share/ur_bringup/launch/ur_dashboard_client.launch.py
-- Symlinking: /home/huy/ur3_llm_ws/install/ur_bringup/lib/ur_bringup/start_ursim.sh
-- Symlinking: /home/huy/ur3_llm_ws/install/ur_bringup/share/ament_index/resource_index/package_run_dependencies/ur_bringup
-- Symlinking: /home/huy/ur3_llm_ws/install/ur_bringup/share/ament_index/resource_index/parent_prefix_path/ur_bringup
-- Symlinking: /home/huy/ur3_llm_ws/install/ur_bringup/share/ur_bringup/environment/ament_prefix_path.sh
-- Symlinking: /home/huy/ur3_llm_ws/install/ur_bringup/share/ur_bringup/environment/ament_prefix_path.dsv
-- Symlinking: /home/huy/ur3_llm_ws/install/ur_bringup/share/ur_bringup/environment/path.sh
-- Symlinking: /home/huy/ur3_llm_ws/install/ur_bringup/share/ur_bringup/environment/path.dsv
-- Symlinking: /home/huy/ur3_llm_ws/install/ur_bringup/share/ur_bringup/local_setup.bash
-- Symlinking: /home/huy/ur3_llm_ws/install/ur_bringup/share/ur_bringup/local_setup.sh
-- Symlinking: /home/huy/ur3_llm_ws/install/ur_bringup/share/ur_bringup/local_setup.zsh
-- Symlinking: /home/huy/ur3_llm_ws/install/ur_bringup/share/ur_bringup/local_setup.dsv
-- Symlinking: /home/huy/ur3_llm_ws/install/ur_bringup/share/ur_bringup/package.dsv
-- Symlinking: /home/huy/ur3_llm_ws/install/ur_bringup/share/ament_index/resource_index/packages/ur_bringup
-- Symlinking: /home/huy/ur3_llm_ws/install/ur_bringup/share/ur_bringup/cmake/ur_bringupConfig.cmake
-- Symlinking: /home/huy/ur3_llm_ws/install/ur_bringup/share/ur_bringup/cmake/ur_bringupConfig-version.cmake
-- Symlinking: /home/huy/ur3_llm_ws/install/ur_bringup/share/ur_bringup/package.xml
