-- The C compiler identification is GNU 11.4.0
-- The CXX compiler identification is GNU 11.4.0
-- Detecting C compiler ABI info
-- Detecting C compiler ABI info - done
-- Check for working C compiler: /usr/bin/cc - skipped
-- Detecting C compile features
-- Detecting C compile features - done
-- Detecting CXX compiler ABI info
-- Detecting CXX compiler ABI info - done
-- Check for working CXX compiler: /usr/bin/c++ - skipped
-- Detecting CXX compile features
-- Detecting CXX compile features - done
-- Found ament_cmake: 1.3.14 (/opt/ros/humble/share/ament_cmake/cmake)
-- Found Python3: /usr/bin/python3 (found version "3.10.12") found components: Interpreter 
-- Override CMake install command with custom implementation using symlinks instead of copying resources
-- Found controller_manager: 2.53.1 (/opt/ros/humble/share/controller_manager/cmake)
-- Found rosidl_generator_c: 3.1.8 (/opt/ros/humble/share/rosidl_generator_c/cmake)
-- Found rosidl_adapter: 3.1.8 (/opt/ros/humble/share/rosidl_adapter/cmake)
-- Found rosidl_generator_cpp: 3.1.8 (/opt/ros/humble/share/rosidl_generator_cpp/cmake)
-- Using all available rosidl_typesupport_c: rosidl_typesupport_fastrtps_c;rosidl_typesupport_introspection_c
-- Using all available rosidl_typesupport_cpp: rosidl_typesupport_fastrtps_cpp;rosidl_typesupport_introspection_cpp
-- Found rmw_implementation_cmake: 6.1.2 (/opt/ros/humble/share/rmw_implementation_cmake/cmake)
-- Found rmw_cyclonedds_cpp: 1.3.4 (/opt/ros/humble/share/rmw_cyclonedds_cpp/cmake)
-- Using RMW implementation 'rmw_cyclonedds_cpp' as default
-- Looking for pthread.h
-- Looking for pthread.h - found
-- Performing Test CMAKE_HAVE_LIBC_PTHREAD
-- Performing Test CMAKE_HAVE_LIBC_PTHREAD - Success
-- Found Threads: TRUE  
-- Found rclpy: 3.3.21 (/opt/ros/humble/share/rclpy/cmake)
-- Found std_srvs: 4.9.1 (/opt/ros/humble/share/std_srvs/cmake)
-- Found tf2_geometry_msgs: 0.25.20 (/opt/ros/humble/share/tf2_geometry_msgs/cmake)
-- Found eigen3_cmake_module: 0.1.1 (/opt/ros/humble/share/eigen3_cmake_module/cmake)
-- Found Eigen3: TRUE (found version "3.4.0") 
-- Ensuring Eigen3 include directory is part of orocos-kdl CMake target
-- Found ur_dashboard_msgs: 2.15.0 (/home/huy/ur3_llm_ws/install/ur_dashboard_msgs/share/ur_dashboard_msgs/cmake)
-- Found ur_msgs: 2.6.0 (/opt/ros/humble/share/ur_msgs/cmake)
-- Found ament_cmake_gmock: 1.3.14 (/opt/ros/humble/share/ament_cmake_gmock/cmake)
-- Found ur_controllers: 2.15.0 (/home/huy/ur3_llm_ws/install/ur_controllers/share/ur_controllers/cmake)
-- Found ur_description: 2.13.0 (/opt/ros/humble/share/ur_description/cmake)
-- Found launch_testing_ament_cmake: 1.0.14 (/opt/ros/humble/share/launch_testing_ament_cmake/cmake)
-- Found python_cmake_module: 0.10.0 (/opt/ros/humble/share/python_cmake_module/cmake)
-- Found PythonInterp: /usr/bin/python3 (found suitable version "3.10.12", minimum required is "3.6") 
-- Found PythonLibs: /usr/lib/x86_64-linux-gnu/libpython3.10.so (found suitable version "3.10.12", minimum required is "3.5") 
-- Using PYTHON_EXECUTABLE: /usr/bin/python3
-- Using PYTHON_INCLUDE_DIRS: /usr/include/python3.10
-- Using PYTHON_LIBRARIES: /usr/lib/x86_64-linux-gnu/libpython3.10.so
-- Found PythonExtra: .so  
-- Found gmock sources under '/opt/ros/humble/src/gmock_vendor': C++ tests using 'Google Mock' will be built
-- Found ament_cmake_gtest: 1.3.14 (/opt/ros/humble/share/ament_cmake_gtest/cmake)
-- Found gtest sources under '/opt/ros/humble/src/gtest_vendor': C++ tests using 'Google Test' will be built
-- Configuring done
-- Generating done
-- Build files have been written to: /home/huy/ur3_llm_ws/build/ur_robot_driver
[  3%] [32mBuilding CXX object CMakeFiles/controller_stopper_node.dir/src/controller_stopper.cpp.o[0m
[ 10%] [32mBuilding CXX object gmock/CMakeFiles/gmock.dir/opt/ros/humble/src/gtest_vendor/src/gtest-all.cc.o[0m
[ 10%] [32mBuilding CXX object gmock/CMakeFiles/gmock.dir/src/gmock-all.cc.o[0m
[ 17%] [32mBuilding CXX object CMakeFiles/controller_stopper_node.dir/src/controller_stopper_node.cpp.o[0m
[ 17%] [32mBuilding CXX object CMakeFiles/dashboard_client.dir/src/dashboard_client_ros.cpp.o[0m
[ 20%] [32mBuilding CXX object CMakeFiles/ur_ros2_control_node.dir/src/ur_ros2_control_node.cpp.o[0m
[ 24%] [32mBuilding CXX object CMakeFiles/robot_state_helper_lib.dir/src/robot_state_helper.cpp.o[0m
[ 27%] [32mBuilding CXX object CMakeFiles/ur_robot_driver_plugin.dir/src/dashboard_client_ros.cpp.o[0m
[ 31%] [32mBuilding CXX object CMakeFiles/urscript_interface.dir/src/urscript_interface.cpp.o[0m
[ 34%] [32mBuilding CXX object CMakeFiles/trajectory_until_node.dir/src/trajectory_until_node.cpp.o[0m
[ 37%] [32mBuilding CXX object gmock/CMakeFiles/gmock_main.dir/src/gmock_main.cc.o[0m
[ 37%] Built target ament_cmake_python_symlink_ur_robot_driver
[ 41%] [32mBuilding CXX object CMakeFiles/robot_state_helper_lib.dir/src/urcl_log_handler.cpp.o[0m
running egg_info
creating ur_robot_driver.egg-info
writing ur_robot_driver.egg-info/PKG-INFO
writing dependency_links to ur_robot_driver.egg-info/dependency_links.txt
writing top-level names to ur_robot_driver.egg-info/top_level.txt
writing manifest file 'ur_robot_driver.egg-info/SOURCES.txt'
reading manifest file 'ur_robot_driver.egg-info/SOURCES.txt'
writing manifest file 'ur_robot_driver.egg-info/SOURCES.txt'
[ 41%] Built target ament_cmake_python_build_ur_robot_driver_egg
[ 44%] [32mBuilding CXX object CMakeFiles/ur_robot_driver_plugin.dir/src/hardware_interface.cpp.o[0m
[ 48%] [32m[1mLinking CXX static library libgmock_main.a[0m
[ 48%] Built target gmock_main
[ 51%] [32mBuilding CXX object CMakeFiles/dashboard_client.dir/src/dashboard_client_node.cpp.o[0m
[ 55%] [32mBuilding CXX object CMakeFiles/dashboard_client.dir/src/urcl_log_handler.cpp.o[0m
[ 58%] [32mBuilding CXX object CMakeFiles/ur_robot_driver_plugin.dir/src/urcl_log_handler.cpp.o[0m
[ 62%] [32m[1mLinking CXX executable ur_ros2_control_node[0m
[ 62%] Built target ur_ros2_control_node
[ 65%] [32m[1mLinking CXX static library libgmock.a[0m
[ 65%] Built target gmock
[ 68%] [32m[1mLinking CXX executable trajectory_until_node[0m
[ 68%] Built target trajectory_until_node
[ 72%] [32m[1mLinking CXX executable urscript_interface[0m
[ 72%] Built target urscript_interface
[ 75%] [32m[1mLinking CXX executable controller_stopper_node[0m
[ 75%] Built target controller_stopper_node
[ 79%] [32m[1mLinking CXX shared library librobot_state_helper_lib.so[0m
[ 79%] Built target robot_state_helper_lib
[ 86%] [32mBuilding CXX object CMakeFiles/robot_state_helper.dir/src/robot_state_helper_node.cpp.o[0m
[ 86%] [32mBuilding CXX object CMakeFiles/test_robot_state_helper.dir/test/test_robot_state_helper.cpp.o[0m
[ 89%] [32m[1mLinking CXX executable robot_state_helper[0m
[ 89%] Built target robot_state_helper
[ 93%] [32m[1mLinking CXX executable dashboard_client[0m
[ 93%] Built target dashboard_client
[ 96%] [32m[1mLinking CXX executable test_robot_state_helper[0m
[ 96%] Built target test_robot_state_helper
[100%] [32m[1mLinking CXX shared library libur_robot_driver_plugin.so[0m
[100%] Built target ur_robot_driver_plugin
-- Install configuration: "RelWithDebInfo"
-- Execute custom install script
-- Symlinking: /home/huy/ur3_llm_ws/install/ur_robot_driver/share/ur_robot_driver//hardware_interface_plugin.xml
-- Symlinking: /home/huy/ur3_llm_ws/install/ur_robot_driver/lib/ur_robot_driver/controller_stopper_node
-- Symlinking: /home/huy/ur3_llm_ws/install/ur_robot_driver/lib/ur_robot_driver/dashboard_client
-- Symlinking: /home/huy/ur3_llm_ws/install/ur_robot_driver/lib/ur_robot_driver/robot_state_helper
-- Symlinking: /home/huy/ur3_llm_ws/install/ur_robot_driver/lib/ur_robot_driver/trajectory_until_node
-- Symlinking: /home/huy/ur3_llm_ws/install/ur_robot_driver/lib/ur_robot_driver/ur_ros2_control_node
-- Symlinking: /home/huy/ur3_llm_ws/install/ur_robot_driver/lib/ur_robot_driver/urscript_interface
-- Symlinking: /home/huy/ur3_llm_ws/install/ur_robot_driver/lib/libur_robot_driver_plugin.so
-- Symlinking: /home/huy/ur3_llm_ws/install/ur_robot_driver/include/ur_robot_driver/controller_stopper.hpp
-- Symlinking: /home/huy/ur3_llm_ws/install/ur_robot_driver/include/ur_robot_driver/dashboard_client_ros.hpp
-- Symlinking: /home/huy/ur3_llm_ws/install/ur_robot_driver/include/ur_robot_driver/hardware_interface.hpp
-- Symlinking: /home/huy/ur3_llm_ws/install/ur_robot_driver/include/ur_robot_driver/robot_state_helper.hpp
-- Symlinking: /home/huy/ur3_llm_ws/install/ur_robot_driver/include/ur_robot_driver/trajectory_until_node.hpp
-- Symlinking: /home/huy/ur3_llm_ws/install/ur_robot_driver/include/ur_robot_driver/urcl_log_handler.hpp
-- Symlinking: /home/huy/ur3_llm_ws/install/ur_robot_driver/share/ur_robot_driver/environment/library_path.sh
-- Symlinking: /home/huy/ur3_llm_ws/install/ur_robot_driver/share/ur_robot_driver/environment/library_path.dsv
-- Up-to-date symlink: /home/huy/ur3_llm_ws/install/ur_robot_driver/include/ur_robot_driver/controller_stopper.hpp
-- Up-to-date symlink: /home/huy/ur3_llm_ws/install/ur_robot_driver/include/ur_robot_driver/dashboard_client_ros.hpp
-- Up-to-date symlink: /home/huy/ur3_llm_ws/install/ur_robot_driver/include/ur_robot_driver/hardware_interface.hpp
-- Up-to-date symlink: /home/huy/ur3_llm_ws/install/ur_robot_driver/include/ur_robot_driver/robot_state_helper.hpp
-- Up-to-date symlink: /home/huy/ur3_llm_ws/install/ur_robot_driver/include/ur_robot_driver/trajectory_until_node.hpp
-- Up-to-date symlink: /home/huy/ur3_llm_ws/install/ur_robot_driver/include/ur_robot_driver/urcl_log_handler.hpp
-- Symlinking: /home/huy/ur3_llm_ws/install/ur_robot_driver/share/ur_robot_driver/environment/pythonpath.sh
-- Symlinking: /home/huy/ur3_llm_ws/install/ur_robot_driver/share/ur_robot_driver/environment/pythonpath.dsv
-- Symlinking: /home/huy/ur3_llm_ws/install/ur_robot_driver/local/lib/python3.10/dist-packages/ur_robot_driver-2.15.0-py3.10.egg-info/PKG-INFO
-- Symlinking: /home/huy/ur3_llm_ws/install/ur_robot_driver/local/lib/python3.10/dist-packages/ur_robot_driver-2.15.0-py3.10.egg-info/SOURCES.txt
-- Symlinking: /home/huy/ur3_llm_ws/install/ur_robot_driver/local/lib/python3.10/dist-packages/ur_robot_driver-2.15.0-py3.10.egg-info/dependency_links.txt
-- Symlinking: /home/huy/ur3_llm_ws/install/ur_robot_driver/local/lib/python3.10/dist-packages/ur_robot_driver-2.15.0-py3.10.egg-info/top_level.txt
-- Symlinking: /home/huy/ur3_llm_ws/install/ur_robot_driver/local/lib/python3.10/dist-packages/ur_robot_driver/__init__.py
-- Symlinking: /home/huy/ur3_llm_ws/install/ur_robot_driver/lib/ur_robot_driver/tool_communication.py
-- Symlinking: /home/huy/ur3_llm_ws/install/ur_robot_driver/lib/ur_robot_driver/example_move.py
-- Symlinking: /home/huy/ur3_llm_ws/install/ur_robot_driver/lib/ur_robot_driver/start_ursim.sh
-- Symlinking: /home/huy/ur3_llm_ws/install/ur_robot_driver/lib/ur_robot_driver/wait_robot_booted.py
-- Symlinking: /home/huy/ur3_llm_ws/install/ur_robot_driver/lib/ur_robot_driver/examples.py
-- Symlinking: /home/huy/ur3_llm_ws/install/ur_robot_driver/lib/ur_robot_driver/force_mode.py
-- Symlinking: /home/huy/ur3_llm_ws/install/ur_robot_driver/lib/ur_robot_driver/move_until_example.py
-- Symlinking: /home/huy/ur3_llm_ws/install/ur_robot_driver/bin/wait_dashboard_server.sh
-- Up-to-date symlink: /home/huy/ur3_llm_ws/install/ur_robot_driver/lib/ur_robot_driver/start_ursim.sh
-- Symlinking: /home/huy/ur3_llm_ws/install/ur_robot_driver/share/ur_robot_driver/config/test_goal_publishers_config.yaml
-- Symlinking: /home/huy/ur3_llm_ws/install/ur_robot_driver/share/ur_robot_driver/config/test_velocity_goal_publishers_config.yaml
-- Symlinking: /home/huy/ur3_llm_ws/install/ur_robot_driver/share/ur_robot_driver/config/ur10_update_rate.yaml
-- Symlinking: /home/huy/ur3_llm_ws/install/ur_robot_driver/share/ur_robot_driver/config/ur10e_update_rate.yaml
-- Symlinking: /home/huy/ur3_llm_ws/install/ur_robot_driver/share/ur_robot_driver/config/ur12e_update_rate.yaml
-- Symlinking: /home/huy/ur3_llm_ws/install/ur_robot_driver/share/ur_robot_driver/config/ur15_update_rate.yaml
-- Symlinking: /home/huy/ur3_llm_ws/install/ur_robot_driver/share/ur_robot_driver/config/ur16e_update_rate.yaml
-- Symlinking: /home/huy/ur3_llm_ws/install/ur_robot_driver/share/ur_robot_driver/config/ur18_update_rate.yaml
-- Symlinking: /home/huy/ur3_llm_ws/install/ur_robot_driver/share/ur_robot_driver/config/ur20_update_rate.yaml
-- Symlinking: /home/huy/ur3_llm_ws/install/ur_robot_driver/share/ur_robot_driver/config/ur30_update_rate.yaml
-- Symlinking: /home/huy/ur3_llm_ws/install/ur_robot_driver/share/ur_robot_driver/config/ur3_update_rate.yaml
-- Symlinking: /home/huy/ur3_llm_ws/install/ur_robot_driver/share/ur_robot_driver/config/ur3e_update_rate.yaml
-- Symlinking: /home/huy/ur3_llm_ws/install/ur_robot_driver/share/ur_robot_driver/config/ur5_update_rate.yaml
-- Symlinking: /home/huy/ur3_llm_ws/install/ur_robot_driver/share/ur_robot_driver/config/ur5e_update_rate.yaml
-- Symlinking: /home/huy/ur3_llm_ws/install/ur_robot_driver/share/ur_robot_driver/config/ur7e_update_rate.yaml
-- Symlinking: /home/huy/ur3_llm_ws/install/ur_robot_driver/share/ur_robot_driver/config/ur8long_update_rate.yaml
-- Symlinking: /home/huy/ur3_llm_ws/install/ur_robot_driver/share/ur_robot_driver/config/ur_controllers.yaml
-- Symlinking: /home/huy/ur3_llm_ws/install/ur_robot_driver/share/ur_robot_driver/launch/test_forward_velocity_controller.launch.py
-- Symlinking: /home/huy/ur3_llm_ws/install/ur_robot_driver/share/ur_robot_driver/launch/test_joint_trajectory_controller.launch.py
-- Symlinking: /home/huy/ur3_llm_ws/install/ur_robot_driver/share/ur_robot_driver/launch/test_scaled_joint_trajectory_controller.launch.py
-- Symlinking: /home/huy/ur3_llm_ws/install/ur_robot_driver/share/ur_robot_driver/launch/ur10.launch.py
-- Symlinking: /home/huy/ur3_llm_ws/install/ur_robot_driver/share/ur_robot_driver/launch/ur10e.launch.py
-- Symlinking: /home/huy/ur3_llm_ws/install/ur_robot_driver/share/ur_robot_driver/launch/ur12e.launch.py
-- Symlinking: /home/huy/ur3_llm_ws/install/ur_robot_driver/share/ur_robot_driver/launch/ur15.launch.py
-- Symlinking: /home/huy/ur3_llm_ws/install/ur_robot_driver/share/ur_robot_driver/launch/ur16e.launch.py
-- Symlinking: /home/huy/ur3_llm_ws/install/ur_robot_driver/share/ur_robot_driver/launch/ur18.launch.py
-- Symlinking: /home/huy/ur3_llm_ws/install/ur_robot_driver/share/ur_robot_driver/launch/ur20.launch.py
-- Symlinking: /home/huy/ur3_llm_ws/install/ur_robot_driver/share/ur_robot_driver/launch/ur3.launch.py
-- Symlinking: /home/huy/ur3_llm_ws/install/ur_robot_driver/share/ur_robot_driver/launch/ur30.launch.py
-- Symlinking: /home/huy/ur3_llm_ws/install/ur_robot_driver/share/ur_robot_driver/launch/ur3e.launch.py
-- Symlinking: /home/huy/ur3_llm_ws/install/ur_robot_driver/share/ur_robot_driver/launch/ur5.launch.py
-- Symlinking: /home/huy/ur3_llm_ws/install/ur_robot_driver/share/ur_robot_driver/launch/ur5e.launch.py
-- Symlinking: /home/huy/ur3_llm_ws/install/ur_robot_driver/share/ur_robot_driver/launch/ur7e.launch.py
-- Symlinking: /home/huy/ur3_llm_ws/install/ur_robot_driver/share/ur_robot_driver/launch/ur8long.launch.py
-- Symlinking: /home/huy/ur3_llm_ws/install/ur_robot_driver/share/ur_robot_driver/launch/ur_control.launch.py
-- Symlinking: /home/huy/ur3_llm_ws/install/ur_robot_driver/share/ur_robot_driver/launch/ur_dashboard_client.launch.py
-- Symlinking: /home/huy/ur3_llm_ws/install/ur_robot_driver/share/ament_index/resource_index/package_run_dependencies/ur_robot_driver
-- Symlinking: /home/huy/ur3_llm_ws/install/ur_robot_driver/share/ament_index/resource_index/parent_prefix_path/ur_robot_driver
-- Symlinking: /home/huy/ur3_llm_ws/install/ur_robot_driver/share/ur_robot_driver/environment/ament_prefix_path.sh
-- Symlinking: /home/huy/ur3_llm_ws/install/ur_robot_driver/share/ur_robot_driver/environment/ament_prefix_path.dsv
-- Symlinking: /home/huy/ur3_llm_ws/install/ur_robot_driver/share/ur_robot_driver/environment/path.sh
-- Symlinking: /home/huy/ur3_llm_ws/install/ur_robot_driver/share/ur_robot_driver/environment/path.dsv
-- Symlinking: /home/huy/ur3_llm_ws/install/ur_robot_driver/share/ur_robot_driver/local_setup.bash
-- Symlinking: /home/huy/ur3_llm_ws/install/ur_robot_driver/share/ur_robot_driver/local_setup.sh
-- Symlinking: /home/huy/ur3_llm_ws/install/ur_robot_driver/share/ur_robot_driver/local_setup.zsh
-- Symlinking: /home/huy/ur3_llm_ws/install/ur_robot_driver/share/ur_robot_driver/local_setup.dsv
-- Symlinking: /home/huy/ur3_llm_ws/install/ur_robot_driver/share/ur_robot_driver/package.dsv
-- Symlinking: /home/huy/ur3_llm_ws/install/ur_robot_driver/share/ament_index/resource_index/packages/ur_robot_driver
-- Symlinking: /home/huy/ur3_llm_ws/install/ur_robot_driver/share/ament_index/resource_index/hardware_interface__pluginlib__plugin/ur_robot_driver
-- Symlinking: /home/huy/ur3_llm_ws/install/ur_robot_driver/share/ur_robot_driver/cmake/ament_cmake_export_include_directories-extras.cmake
-- Symlinking: /home/huy/ur3_llm_ws/install/ur_robot_driver/share/ur_robot_driver/cmake/ament_cmake_export_libraries-extras.cmake
-- Symlinking: /home/huy/ur3_llm_ws/install/ur_robot_driver/share/ur_robot_driver/cmake/ament_cmake_export_dependencies-extras.cmake
-- Symlinking: /home/huy/ur3_llm_ws/install/ur_robot_driver/share/ur_robot_driver/cmake/ur_robot_driverConfig.cmake
-- Symlinking: /home/huy/ur3_llm_ws/install/ur_robot_driver/share/ur_robot_driver/cmake/ur_robot_driverConfig-version.cmake
-- Symlinking: /home/huy/ur3_llm_ws/install/ur_robot_driver/share/ur_robot_driver/package.xml
-- Installing: /home/huy/ur3_llm_ws/install/ur_robot_driver/lib/librobot_state_helper_lib.so
-- Set runtime path of "/home/huy/ur3_llm_ws/install/ur_robot_driver/lib/librobot_state_helper_lib.so" to ""
-- Installing: /home/huy/ur3_llm_ws/install/ur_robot_driver/share/ur_robot_driver/resources
-- Installing: /home/huy/ur3_llm_ws/install/ur_robot_driver/share/ur_robot_driver/resources/rs485-1.0.urcap
-- Installing: /home/huy/ur3_llm_ws/install/ur_robot_driver/share/ur_robot_driver/resources/ros_control.urscript
-- Installing: /home/huy/ur3_llm_ws/install/ur_robot_driver/share/ur_robot_driver/resources/rtde_input_recipe.txt
-- Installing: /home/huy/ur3_llm_ws/install/ur_robot_driver/share/ur_robot_driver/resources/rtde_output_recipe.txt
-- Installing: /home/huy/ur3_llm_ws/install/ur_robot_driver/share/ur_robot_driver/resources/externalcontrol-1.0.5.urcap
Listing '/home/huy/ur3_llm_ws/install/ur_robot_driver/local/lib/python3.10/dist-packages/ur_robot_driver'...
Compiling '/home/huy/ur3_llm_ws/install/ur_robot_driver/local/lib/python3.10/dist-packages/ur_robot_driver/__init__.py'...
