[0.010s] Invoking command in '/home/huy/ur3_llm_ws/build/ur_robot_driver': AMENT_PREFIX_PATH=/home/huy/ur3_llm_ws/install/ur_controllers:/home/huy/ur3_llm_ws/install/ur_dashboard_msgs:${AMENT_PREFIX_PATH} CMAKE_PREFIX_PATH=/home/huy/ur3_llm_ws/install/ur_controllers:/home/huy/ur3_llm_ws/install/ur_dashboard_msgs:/home/huy/ros2_ws/install/ur_simulation_gz:/home/huy/ros2_ws/install/ur_letter_writer:/home/huy/xecuahuy_ws/install/xecuahuy:/home/huy/xecuahuy_ws/install/slam_gmapping:/home/huy/xecuahuy_ws/install/openslam_gmapping:/home/huy/xecuahuy_ws/install/aws_robomaker_small_warehouse_world:/home/huy/install/xecuahuy:/home/huy/install/turtlebot3:/home/huy/install/turtlebot3_simulations:/home/huy/install/turtlebot3_bringup:/home/huy/install/turtlebot3_node:/home/huy/install/turtlebot3_fake_node:/home/huy/install/turtlebot3_msgs:/home/huy/install/turtlebot3_gazebo:/home/huy/install/slam_gmapping:/home/huy/install/micro_ros_setup:/home/huy/install/micro_ros_agent:/home/huy/install/micro_ros_msgs:/home/huy/install/dynamixel_sdk_examples:/home/huy/install/dynamixel_sdk_custom_interfaces:/home/huy/install/dynamixel_sdk:/home/huy/install/aws_robomaker_small_warehouse_world:/home/huy/install/turtlebot3_teleop:/home/huy/install/turtlebot3_navigation2:/home/huy/install/turtlebot3_example:/home/huy/install/turtlebot3_manipulation_gazebo:/home/huy/install/turtlebot3_description:/home/huy/install/turtlebot3_cartographer:/home/huy/install/openslam_gmapping:/opt/ros/humble LD_LIBRARY_PATH=/home/huy/ur3_llm_ws/install/ur_controllers/lib:/home/huy/ur3_llm_ws/install/ur_dashboard_msgs/lib:/home/huy/xecuahuy_ws/install/openslam_gmapping/lib:/home/huy/install/turtlebot3_msgs/lib:/home/huy/install/openslam_gmapping/lib:/home/huy/install/micro_ros_agent/lib:/home/huy/install/micro_ros_msgs/lib:/home/huy/install/dynamixel_sdk_custom_interfaces/lib:/home/huy/install/dynamixel_sdk/lib:/usr/lib/x86_64-linux-gnu/gazebo-11/plugins:/opt/ros/humble/opt/rviz_ogre_vendor/lib:/opt/ros/humble/lib/x86_64-linux-gnu:/opt/ros/humble/lib:/usr/lib/x86_64-linux-gnu/gazebo-11/plugins:/usr/lib/x86_64-linux-gnu/gazebo-11/plugins:/usr/lib/x86_64-linux-gnu/gazebo-11/plugins:/usr/lib/x86_64-linux-gnu/gazebo-11/plugins:/usr/lib/x86_64-linux-gnu/gazebo-11/plugins:/usr/lib/x86_64-linux-gnu/gazebo-11/plugins PS1=${debian_chroot:+($debian_chroot)}\[\033[01;32m\]\u@\h\[\033[00m\]:\[\033[01;34m\]\w\[\033[00m\]\$ PYTHONPATH=/home/huy/ur3_llm_ws/install/ur_dashboard_msgs/local/lib/python3.10/dist-packages:${PYTHONPATH} /usr/bin/cmake /home/huy/ur3_llm_ws/src/Universal_Robots_ROS2_Driver/ur_robot_driver -DAMENT_CMAKE_SYMLINK_INSTALL=1 -DCMAKE_INSTALL_PREFIX=/home/huy/ur3_llm_ws/install/ur_robot_driver
[0.051s] -- The C compiler identification is GNU 11.4.0
[0.086s] -- The CXX compiler identification is GNU 11.4.0
[0.090s] -- Detecting C compiler ABI info
[0.138s] -- Detecting C compiler ABI info - done
[0.143s] -- Check for working C compiler: /usr/bin/cc - skipped
[0.143s] -- Detecting C compile features
[0.143s] -- Detecting C compile features - done
[0.145s] -- Detecting CXX compiler ABI info
[0.203s] -- Detecting CXX compiler ABI info - done
[0.209s] -- Check for working CXX compiler: /usr/bin/c++ - skipped
[0.209s] -- Detecting CXX compile features
[0.210s] -- Detecting CXX compile features - done
[0.210s] [0mur_robot_driver: You did not request a specific build type: selecting 'RelWithDebInfo'.[0m
[0.212s] -- Found ament_cmake: 1.3.14 (/opt/ros/humble/share/ament_cmake/cmake)
[0.316s] -- Found Python3: /usr/bin/python3 (found version "3.10.12") found components: Interpreter 
[0.357s] -- Override CMake install command with custom implementation using symlinks instead of copying resources
[0.382s] -- Found controller_manager: 2.53.1 (/opt/ros/humble/share/controller_manager/cmake)
[0.418s] -- Found rosidl_generator_c: 3.1.8 (/opt/ros/humble/share/rosidl_generator_c/cmake)
[0.422s] -- Found rosidl_adapter: 3.1.8 (/opt/ros/humble/share/rosidl_adapter/cmake)
[0.428s] -- Found rosidl_generator_cpp: 3.1.8 (/opt/ros/humble/share/rosidl_generator_cpp/cmake)
[0.437s] -- Using all available rosidl_typesupport_c: rosidl_typesupport_fastrtps_c;rosidl_typesupport_introspection_c
[0.449s] -- Using all available rosidl_typesupport_cpp: rosidl_typesupport_fastrtps_cpp;rosidl_typesupport_introspection_cpp
[0.589s] -- Found rmw_implementation_cmake: 6.1.2 (/opt/ros/humble/share/rmw_implementation_cmake/cmake)
[0.592s] -- Found rmw_cyclonedds_cpp: 1.3.4 (/opt/ros/humble/share/rmw_cyclonedds_cpp/cmake)
[0.608s] -- Using RMW implementation 'rmw_cyclonedds_cpp' as default
[0.615s] -- Looking for pthread.h
[0.690s] -- Looking for pthread.h - found
[0.690s] -- Performing Test CMAKE_HAVE_LIBC_PTHREAD
[0.757s] -- Performing Test CMAKE_HAVE_LIBC_PTHREAD - Success
[0.758s] -- Found Threads: TRUE  
[0.812s] -- Found rclpy: 3.3.21 (/opt/ros/humble/share/rclpy/cmake)
[0.814s] -- Found std_srvs: 4.9.1 (/opt/ros/humble/share/std_srvs/cmake)
[0.820s] -- Found tf2_geometry_msgs: 0.25.20 (/opt/ros/humble/share/tf2_geometry_msgs/cmake)
[0.830s] -- Found eigen3_cmake_module: 0.1.1 (/opt/ros/humble/share/eigen3_cmake_module/cmake)
[0.831s] -- Found Eigen3: TRUE (found version "3.4.0") 
[0.831s] -- Ensuring Eigen3 include directory is part of orocos-kdl CMake target
[0.871s] -- Found ur_dashboard_msgs: 2.15.0 (/home/huy/ur3_llm_ws/install/ur_dashboard_msgs/share/ur_dashboard_msgs/cmake)
[0.881s] -- Found ur_msgs: 2.6.0 (/opt/ros/humble/share/ur_msgs/cmake)
[1.050s] -- Found ament_cmake_gmock: 1.3.14 (/opt/ros/humble/share/ament_cmake_gmock/cmake)
[1.050s] -- Found ur_controllers: 2.15.0 (/home/huy/ur3_llm_ws/install/ur_controllers/share/ur_controllers/cmake)
[1.114s] -- Found ur_description: 2.13.0 (/opt/ros/humble/share/ur_description/cmake)
[1.116s] -- Found launch_testing_ament_cmake: 1.0.14 (/opt/ros/humble/share/launch_testing_ament_cmake/cmake)
[1.118s] -- Found python_cmake_module: 0.10.0 (/opt/ros/humble/share/python_cmake_module/cmake)
[1.132s] -- Found PythonInterp: /usr/bin/python3 (found suitable version "3.10.12", minimum required is "3.6") 
[1.136s] -- Found PythonLibs: /usr/lib/x86_64-linux-gnu/libpython3.10.so (found suitable version "3.10.12", minimum required is "3.5") 
[1.136s] -- Using PYTHON_EXECUTABLE: /usr/bin/python3
[1.136s] -- Using PYTHON_INCLUDE_DIRS: /usr/include/python3.10
[1.136s] -- Using PYTHON_LIBRARIES: /usr/lib/x86_64-linux-gnu/libpython3.10.so
[1.152s] -- Found PythonExtra: .so  
[1.154s] -- Found gmock sources under '/opt/ros/humble/src/gmock_vendor': C++ tests using 'Google Mock' will be built
[1.159s] -- Found ament_cmake_gtest: 1.3.14 (/opt/ros/humble/share/ament_cmake_gtest/cmake)
[1.159s] -- Found gtest sources under '/opt/ros/humble/src/gtest_vendor': C++ tests using 'Google Test' will be built
[1.162s] -- Configuring done
[1.200s] -- Generating done
[1.216s] -- Build files have been written to: /home/huy/ur3_llm_ws/build/ur_robot_driver
[1.224s] Invoked command in '/home/huy/ur3_llm_ws/build/ur_robot_driver' returned '0': AMENT_PREFIX_PATH=/home/huy/ur3_llm_ws/install/ur_controllers:/home/huy/ur3_llm_ws/install/ur_dashboard_msgs:${AMENT_PREFIX_PATH} CMAKE_PREFIX_PATH=/home/huy/ur3_llm_ws/install/ur_controllers:/home/huy/ur3_llm_ws/install/ur_dashboard_msgs:/home/huy/ros2_ws/install/ur_simulation_gz:/home/huy/ros2_ws/install/ur_letter_writer:/home/huy/xecuahuy_ws/install/xecuahuy:/home/huy/xecuahuy_ws/install/slam_gmapping:/home/huy/xecuahuy_ws/install/openslam_gmapping:/home/huy/xecuahuy_ws/install/aws_robomaker_small_warehouse_world:/home/huy/install/xecuahuy:/home/huy/install/turtlebot3:/home/huy/install/turtlebot3_simulations:/home/huy/install/turtlebot3_bringup:/home/huy/install/turtlebot3_node:/home/huy/install/turtlebot3_fake_node:/home/huy/install/turtlebot3_msgs:/home/huy/install/turtlebot3_gazebo:/home/huy/install/slam_gmapping:/home/huy/install/micro_ros_setup:/home/huy/install/micro_ros_agent:/home/huy/install/micro_ros_msgs:/home/huy/install/dynamixel_sdk_examples:/home/huy/install/dynamixel_sdk_custom_interfaces:/home/huy/install/dynamixel_sdk:/home/huy/install/aws_robomaker_small_warehouse_world:/home/huy/install/turtlebot3_teleop:/home/huy/install/turtlebot3_navigation2:/home/huy/install/turtlebot3_example:/home/huy/install/turtlebot3_manipulation_gazebo:/home/huy/install/turtlebot3_description:/home/huy/install/turtlebot3_cartographer:/home/huy/install/openslam_gmapping:/opt/ros/humble LD_LIBRARY_PATH=/home/huy/ur3_llm_ws/install/ur_controllers/lib:/home/huy/ur3_llm_ws/install/ur_dashboard_msgs/lib:/home/huy/xecuahuy_ws/install/openslam_gmapping/lib:/home/huy/install/turtlebot3_msgs/lib:/home/huy/install/openslam_gmapping/lib:/home/huy/install/micro_ros_agent/lib:/home/huy/install/micro_ros_msgs/lib:/home/huy/install/dynamixel_sdk_custom_interfaces/lib:/home/huy/install/dynamixel_sdk/lib:/usr/lib/x86_64-linux-gnu/gazebo-11/plugins:/opt/ros/humble/opt/rviz_ogre_vendor/lib:/opt/ros/humble/lib/x86_64-linux-gnu:/opt/ros/humble/lib:/usr/lib/x86_64-linux-gnu/gazebo-11/plugins:/usr/lib/x86_64-linux-gnu/gazebo-11/plugins:/usr/lib/x86_64-linux-gnu/gazebo-11/plugins:/usr/lib/x86_64-linux-gnu/gazebo-11/plugins:/usr/lib/x86_64-linux-gnu/gazebo-11/plugins:/usr/lib/x86_64-linux-gnu/gazebo-11/plugins PS1=${debian_chroot:+($debian_chroot)}\[\033[01;32m\]\u@\h\[\033[00m\]:\[\033[01;34m\]\w\[\033[00m\]\$ PYTHONPATH=/home/huy/ur3_llm_ws/install/ur_dashboard_msgs/local/lib/python3.10/dist-packages:${PYTHONPATH} /usr/bin/cmake /home/huy/ur3_llm_ws/src/Universal_Robots_ROS2_Driver/ur_robot_driver -DAMENT_CMAKE_SYMLINK_INSTALL=1 -DCMAKE_INSTALL_PREFIX=/home/huy/ur3_llm_ws/install/ur_robot_driver
[1.226s] Invoking command in '/home/huy/ur3_llm_ws/build/ur_robot_driver': AMENT_PREFIX_PATH=/home/huy/ur3_llm_ws/install/ur_controllers:/home/huy/ur3_llm_ws/install/ur_dashboard_msgs:${AMENT_PREFIX_PATH} CMAKE_PREFIX_PATH=/home/huy/ur3_llm_ws/install/ur_controllers:/home/huy/ur3_llm_ws/install/ur_dashboard_msgs:/home/huy/ros2_ws/install/ur_simulation_gz:/home/huy/ros2_ws/install/ur_letter_writer:/home/huy/xecuahuy_ws/install/xecuahuy:/home/huy/xecuahuy_ws/install/slam_gmapping:/home/huy/xecuahuy_ws/install/openslam_gmapping:/home/huy/xecuahuy_ws/install/aws_robomaker_small_warehouse_world:/home/huy/install/xecuahuy:/home/huy/install/turtlebot3:/home/huy/install/turtlebot3_simulations:/home/huy/install/turtlebot3_bringup:/home/huy/install/turtlebot3_node:/home/huy/install/turtlebot3_fake_node:/home/huy/install/turtlebot3_msgs:/home/huy/install/turtlebot3_gazebo:/home/huy/install/slam_gmapping:/home/huy/install/micro_ros_setup:/home/huy/install/micro_ros_agent:/home/huy/install/micro_ros_msgs:/home/huy/install/dynamixel_sdk_examples:/home/huy/install/dynamixel_sdk_custom_interfaces:/home/huy/install/dynamixel_sdk:/home/huy/install/aws_robomaker_small_warehouse_world:/home/huy/install/turtlebot3_teleop:/home/huy/install/turtlebot3_navigation2:/home/huy/install/turtlebot3_example:/home/huy/install/turtlebot3_manipulation_gazebo:/home/huy/install/turtlebot3_description:/home/huy/install/turtlebot3_cartographer:/home/huy/install/openslam_gmapping:/opt/ros/humble LD_LIBRARY_PATH=/home/huy/ur3_llm_ws/install/ur_controllers/lib:/home/huy/ur3_llm_ws/install/ur_dashboard_msgs/lib:/home/huy/xecuahuy_ws/install/openslam_gmapping/lib:/home/huy/install/turtlebot3_msgs/lib:/home/huy/install/openslam_gmapping/lib:/home/huy/install/micro_ros_agent/lib:/home/huy/install/micro_ros_msgs/lib:/home/huy/install/dynamixel_sdk_custom_interfaces/lib:/home/huy/install/dynamixel_sdk/lib:/usr/lib/x86_64-linux-gnu/gazebo-11/plugins:/opt/ros/humble/opt/rviz_ogre_vendor/lib:/opt/ros/humble/lib/x86_64-linux-gnu:/opt/ros/humble/lib:/usr/lib/x86_64-linux-gnu/gazebo-11/plugins:/usr/lib/x86_64-linux-gnu/gazebo-11/plugins:/usr/lib/x86_64-linux-gnu/gazebo-11/plugins:/usr/lib/x86_64-linux-gnu/gazebo-11/plugins:/usr/lib/x86_64-linux-gnu/gazebo-11/plugins:/usr/lib/x86_64-linux-gnu/gazebo-11/plugins PS1=${debian_chroot:+($debian_chroot)}\[\033[01;32m\]\u@\h\[\033[00m\]:\[\033[01;34m\]\w\[\033[00m\]\$ PYTHONPATH=/home/huy/ur3_llm_ws/install/ur_dashboard_msgs/local/lib/python3.10/dist-packages:${PYTHONPATH} /usr/bin/cmake --build /home/huy/ur3_llm_ws/build/ur_robot_driver -- -j12 -l12
[1.265s] [  3%] [32mBuilding CXX object CMakeFiles/controller_stopper_node.dir/src/controller_stopper.cpp.o[0m
[1.265s] [ 10%] [32mBuilding CXX object gmock/CMakeFiles/gmock.dir/opt/ros/humble/src/gtest_vendor/src/gtest-all.cc.o[0m
[1.265s] [ 10%] [32mBuilding CXX object gmock/CMakeFiles/gmock.dir/src/gmock-all.cc.o[0m
[1.266s] [ 17%] [32mBuilding CXX object CMakeFiles/controller_stopper_node.dir/src/controller_stopper_node.cpp.o[0m
[1.266s] [ 17%] [32mBuilding CXX object CMakeFiles/dashboard_client.dir/src/dashboard_client_ros.cpp.o[0m
[1.267s] [ 20%] [32mBuilding CXX object CMakeFiles/ur_ros2_control_node.dir/src/ur_ros2_control_node.cpp.o[0m
[1.267s] [ 24%] [32mBuilding CXX object CMakeFiles/robot_state_helper_lib.dir/src/robot_state_helper.cpp.o[0m
[1.268s] [ 27%] [32mBuilding CXX object CMakeFiles/ur_robot_driver_plugin.dir/src/dashboard_client_ros.cpp.o[0m
[1.270s] [ 31%] [32mBuilding CXX object CMakeFiles/urscript_interface.dir/src/urscript_interface.cpp.o[0m
[1.272s] [ 34%] [32mBuilding CXX object CMakeFiles/trajectory_until_node.dir/src/trajectory_until_node.cpp.o[0m
[1.275s] [ 37%] [32mBuilding CXX object gmock/CMakeFiles/gmock_main.dir/src/gmock_main.cc.o[0m
[1.277s] [ 37%] Built target ament_cmake_python_symlink_ur_robot_driver
[1.287s] [ 41%] [32mBuilding CXX object CMakeFiles/robot_state_helper_lib.dir/src/urcl_log_handler.cpp.o[0m
[2.672s] running egg_info
[2.672s] creating ur_robot_driver.egg-info
[2.673s] writing ur_robot_driver.egg-info/PKG-INFO
[2.673s] writing dependency_links to ur_robot_driver.egg-info/dependency_links.txt
[2.673s] writing top-level names to ur_robot_driver.egg-info/top_level.txt
[2.673s] writing manifest file 'ur_robot_driver.egg-info/SOURCES.txt'
[2.678s] reading manifest file 'ur_robot_driver.egg-info/SOURCES.txt'
[2.679s] writing manifest file 'ur_robot_driver.egg-info/SOURCES.txt'
[2.716s] [ 41%] Built target ament_cmake_python_build_ur_robot_driver_egg
[2.727s] [ 44%] [32mBuilding CXX object CMakeFiles/ur_robot_driver_plugin.dir/src/hardware_interface.cpp.o[0m
[2.797s] [ 48%] [32m[1mLinking CXX static library libgmock_main.a[0m
[2.864s] [ 48%] Built target gmock_main
[2.874s] [ 51%] [32mBuilding CXX object CMakeFiles/dashboard_client.dir/src/dashboard_client_node.cpp.o[0m
[6.163s] [ 55%] [32mBuilding CXX object CMakeFiles/dashboard_client.dir/src/urcl_log_handler.cpp.o[0m
[6.786s] [ 58%] [32mBuilding CXX object CMakeFiles/ur_robot_driver_plugin.dir/src/urcl_log_handler.cpp.o[0m
[8.511s] [ 62%] [32m[1mLinking CXX executable ur_ros2_control_node[0m
[8.704s] [ 62%] Built target ur_ros2_control_node
[10.592s] [ 65%] [32m[1mLinking CXX static library libgmock.a[0m
[10.719s] [ 65%] Built target gmock
[14.818s] [ 68%] [32m[1mLinking CXX executable trajectory_until_node[0m
[15.016s] [ 68%] Built target trajectory_until_node
[17.005s] [ 72%] [32m[1mLinking CXX executable urscript_interface[0m
[17.323s] [ 72%] Built target urscript_interface
[18.415s] [ 75%] [32m[1mLinking CXX executable controller_stopper_node[0m
[18.659s] [ 75%] Built target controller_stopper_node
[30.196s] [ 79%] [32m[1mLinking CXX shared library librobot_state_helper_lib.so[0m
[30.544s] [ 79%] Built target robot_state_helper_lib
[30.950s] [ 86%] [32mBuilding CXX object CMakeFiles/robot_state_helper.dir/src/robot_state_helper_node.cpp.o[0m
[30.950s] [ 86%] [32mBuilding CXX object CMakeFiles/test_robot_state_helper.dir/test/test_robot_state_helper.cpp.o[0m
[33.307s] [ 89%] [32m[1mLinking CXX executable robot_state_helper[0m
[33.629s] [ 89%] Built target robot_state_helper
[40.194s] [ 93%] [32m[1mLinking CXX executable dashboard_client[0m
[40.583s] [ 93%] Built target dashboard_client
[43.225s] [ 96%] [32m[1mLinking CXX executable test_robot_state_helper[0m
[43.465s] [ 96%] Built target test_robot_state_helper
[44.191s] [100%] [32m[1mLinking CXX shared library libur_robot_driver_plugin.so[0m
[44.617s] [100%] Built target ur_robot_driver_plugin
[44.626s] Invoked command in '/home/huy/ur3_llm_ws/build/ur_robot_driver' returned '0': AMENT_PREFIX_PATH=/home/huy/ur3_llm_ws/install/ur_controllers:/home/huy/ur3_llm_ws/install/ur_dashboard_msgs:${AMENT_PREFIX_PATH} CMAKE_PREFIX_PATH=/home/huy/ur3_llm_ws/install/ur_controllers:/home/huy/ur3_llm_ws/install/ur_dashboard_msgs:/home/huy/ros2_ws/install/ur_simulation_gz:/home/huy/ros2_ws/install/ur_letter_writer:/home/huy/xecuahuy_ws/install/xecuahuy:/home/huy/xecuahuy_ws/install/slam_gmapping:/home/huy/xecuahuy_ws/install/openslam_gmapping:/home/huy/xecuahuy_ws/install/aws_robomaker_small_warehouse_world:/home/huy/install/xecuahuy:/home/huy/install/turtlebot3:/home/huy/install/turtlebot3_simulations:/home/huy/install/turtlebot3_bringup:/home/huy/install/turtlebot3_node:/home/huy/install/turtlebot3_fake_node:/home/huy/install/turtlebot3_msgs:/home/huy/install/turtlebot3_gazebo:/home/huy/install/slam_gmapping:/home/huy/install/micro_ros_setup:/home/huy/install/micro_ros_agent:/home/huy/install/micro_ros_msgs:/home/huy/install/dynamixel_sdk_examples:/home/huy/install/dynamixel_sdk_custom_interfaces:/home/huy/install/dynamixel_sdk:/home/huy/install/aws_robomaker_small_warehouse_world:/home/huy/install/turtlebot3_teleop:/home/huy/install/turtlebot3_navigation2:/home/huy/install/turtlebot3_example:/home/huy/install/turtlebot3_manipulation_gazebo:/home/huy/install/turtlebot3_description:/home/huy/install/turtlebot3_cartographer:/home/huy/install/openslam_gmapping:/opt/ros/humble LD_LIBRARY_PATH=/home/huy/ur3_llm_ws/install/ur_controllers/lib:/home/huy/ur3_llm_ws/install/ur_dashboard_msgs/lib:/home/huy/xecuahuy_ws/install/openslam_gmapping/lib:/home/huy/install/turtlebot3_msgs/lib:/home/huy/install/openslam_gmapping/lib:/home/huy/install/micro_ros_agent/lib:/home/huy/install/micro_ros_msgs/lib:/home/huy/install/dynamixel_sdk_custom_interfaces/lib:/home/huy/install/dynamixel_sdk/lib:/usr/lib/x86_64-linux-gnu/gazebo-11/plugins:/opt/ros/humble/opt/rviz_ogre_vendor/lib:/opt/ros/humble/lib/x86_64-linux-gnu:/opt/ros/humble/lib:/usr/lib/x86_64-linux-gnu/gazebo-11/plugins:/usr/lib/x86_64-linux-gnu/gazebo-11/plugins:/usr/lib/x86_64-linux-gnu/gazebo-11/plugins:/usr/lib/x86_64-linux-gnu/gazebo-11/plugins:/usr/lib/x86_64-linux-gnu/gazebo-11/plugins:/usr/lib/x86_64-linux-gnu/gazebo-11/plugins PS1=${debian_chroot:+($debian_chroot)}\[\033[01;32m\]\u@\h\[\033[00m\]:\[\033[01;34m\]\w\[\033[00m\]\$ PYTHONPATH=/home/huy/ur3_llm_ws/install/ur_dashboard_msgs/local/lib/python3.10/dist-packages:${PYTHONPATH} /usr/bin/cmake --build /home/huy/ur3_llm_ws/build/ur_robot_driver -- -j12 -l12
[44.628s] Invoking command in '/home/huy/ur3_llm_ws/build/ur_robot_driver': AMENT_PREFIX_PATH=/home/huy/ur3_llm_ws/install/ur_controllers:/home/huy/ur3_llm_ws/install/ur_dashboard_msgs:${AMENT_PREFIX_PATH} CMAKE_PREFIX_PATH=/home/huy/ur3_llm_ws/install/ur_controllers:/home/huy/ur3_llm_ws/install/ur_dashboard_msgs:/home/huy/ros2_ws/install/ur_simulation_gz:/home/huy/ros2_ws/install/ur_letter_writer:/home/huy/xecuahuy_ws/install/xecuahuy:/home/huy/xecuahuy_ws/install/slam_gmapping:/home/huy/xecuahuy_ws/install/openslam_gmapping:/home/huy/xecuahuy_ws/install/aws_robomaker_small_warehouse_world:/home/huy/install/xecuahuy:/home/huy/install/turtlebot3:/home/huy/install/turtlebot3_simulations:/home/huy/install/turtlebot3_bringup:/home/huy/install/turtlebot3_node:/home/huy/install/turtlebot3_fake_node:/home/huy/install/turtlebot3_msgs:/home/huy/install/turtlebot3_gazebo:/home/huy/install/slam_gmapping:/home/huy/install/micro_ros_setup:/home/huy/install/micro_ros_agent:/home/huy/install/micro_ros_msgs:/home/huy/install/dynamixel_sdk_examples:/home/huy/install/dynamixel_sdk_custom_interfaces:/home/huy/install/dynamixel_sdk:/home/huy/install/aws_robomaker_small_warehouse_world:/home/huy/install/turtlebot3_teleop:/home/huy/install/turtlebot3_navigation2:/home/huy/install/turtlebot3_example:/home/huy/install/turtlebot3_manipulation_gazebo:/home/huy/install/turtlebot3_description:/home/huy/install/turtlebot3_cartographer:/home/huy/install/openslam_gmapping:/opt/ros/humble LD_LIBRARY_PATH=/home/huy/ur3_llm_ws/install/ur_controllers/lib:/home/huy/ur3_llm_ws/install/ur_dashboard_msgs/lib:/home/huy/xecuahuy_ws/install/openslam_gmapping/lib:/home/huy/install/turtlebot3_msgs/lib:/home/huy/install/openslam_gmapping/lib:/home/huy/install/micro_ros_agent/lib:/home/huy/install/micro_ros_msgs/lib:/home/huy/install/dynamixel_sdk_custom_interfaces/lib:/home/huy/install/dynamixel_sdk/lib:/usr/lib/x86_64-linux-gnu/gazebo-11/plugins:/opt/ros/humble/opt/rviz_ogre_vendor/lib:/opt/ros/humble/lib/x86_64-linux-gnu:/opt/ros/humble/lib:/usr/lib/x86_64-linux-gnu/gazebo-11/plugins:/usr/lib/x86_64-linux-gnu/gazebo-11/plugins:/usr/lib/x86_64-linux-gnu/gazebo-11/plugins:/usr/lib/x86_64-linux-gnu/gazebo-11/plugins:/usr/lib/x86_64-linux-gnu/gazebo-11/plugins:/usr/lib/x86_64-linux-gnu/gazebo-11/plugins PS1=${debian_chroot:+($debian_chroot)}\[\033[01;32m\]\u@\h\[\033[00m\]:\[\033[01;34m\]\w\[\033[00m\]\$ PYTHONPATH=/home/huy/ur3_llm_ws/install/ur_dashboard_msgs/local/lib/python3.10/dist-packages:${PYTHONPATH} /usr/bin/cmake --install /home/huy/ur3_llm_ws/build/ur_robot_driver
[44.635s] -- Install configuration: "RelWithDebInfo"
[44.636s] -- Execute custom install script
[44.636s] -- Symlinking: /home/huy/ur3_llm_ws/install/ur_robot_driver/share/ur_robot_driver//hardware_interface_plugin.xml
[44.644s] -- Symlinking: /home/huy/ur3_llm_ws/install/ur_robot_driver/lib/ur_robot_driver/controller_stopper_node
[44.652s] -- Symlinking: /home/huy/ur3_llm_ws/install/ur_robot_driver/lib/ur_robot_driver/dashboard_client
[44.661s] -- Symlinking: /home/huy/ur3_llm_ws/install/ur_robot_driver/lib/ur_robot_driver/robot_state_helper
[44.668s] -- Symlinking: /home/huy/ur3_llm_ws/install/ur_robot_driver/lib/ur_robot_driver/trajectory_until_node
[44.674s] -- Symlinking: /home/huy/ur3_llm_ws/install/ur_robot_driver/lib/ur_robot_driver/ur_ros2_control_node
[44.680s] -- Symlinking: /home/huy/ur3_llm_ws/install/ur_robot_driver/lib/ur_robot_driver/urscript_interface
[44.687s] -- Symlinking: /home/huy/ur3_llm_ws/install/ur_robot_driver/lib/libur_robot_driver_plugin.so
[44.693s] -- Symlinking: /home/huy/ur3_llm_ws/install/ur_robot_driver/include/ur_robot_driver/controller_stopper.hpp
[44.700s] -- Symlinking: /home/huy/ur3_llm_ws/install/ur_robot_driver/include/ur_robot_driver/dashboard_client_ros.hpp
[44.709s] -- Symlinking: /home/huy/ur3_llm_ws/install/ur_robot_driver/include/ur_robot_driver/hardware_interface.hpp
[44.717s] -- Symlinking: /home/huy/ur3_llm_ws/install/ur_robot_driver/include/ur_robot_driver/robot_state_helper.hpp
[44.722s] -- Symlinking: /home/huy/ur3_llm_ws/install/ur_robot_driver/include/ur_robot_driver/trajectory_until_node.hpp
[44.731s] -- Symlinking: /home/huy/ur3_llm_ws/install/ur_robot_driver/include/ur_robot_driver/urcl_log_handler.hpp
[44.737s] -- Symlinking: /home/huy/ur3_llm_ws/install/ur_robot_driver/share/ur_robot_driver/environment/library_path.sh
[44.745s] -- Symlinking: /home/huy/ur3_llm_ws/install/ur_robot_driver/share/ur_robot_driver/environment/library_path.dsv
[44.750s] -- Up-to-date symlink: /home/huy/ur3_llm_ws/install/ur_robot_driver/include/ur_robot_driver/controller_stopper.hpp
[44.750s] -- Up-to-date symlink: /home/huy/ur3_llm_ws/install/ur_robot_driver/include/ur_robot_driver/dashboard_client_ros.hpp
[44.750s] -- Up-to-date symlink: /home/huy/ur3_llm_ws/install/ur_robot_driver/include/ur_robot_driver/hardware_interface.hpp
[44.750s] -- Up-to-date symlink: /home/huy/ur3_llm_ws/install/ur_robot_driver/include/ur_robot_driver/robot_state_helper.hpp
[44.750s] -- Up-to-date symlink: /home/huy/ur3_llm_ws/install/ur_robot_driver/include/ur_robot_driver/trajectory_until_node.hpp
[44.750s] -- Up-to-date symlink: /home/huy/ur3_llm_ws/install/ur_robot_driver/include/ur_robot_driver/urcl_log_handler.hpp
[44.750s] -- Symlinking: /home/huy/ur3_llm_ws/install/ur_robot_driver/share/ur_robot_driver/environment/pythonpath.sh
[44.758s] -- Symlinking: /home/huy/ur3_llm_ws/install/ur_robot_driver/share/ur_robot_driver/environment/pythonpath.dsv
[44.763s] -- Symlinking: /home/huy/ur3_llm_ws/install/ur_robot_driver/local/lib/python3.10/dist-packages/ur_robot_driver-2.15.0-py3.10.egg-info/PKG-INFO
[44.770s] -- Symlinking: /home/huy/ur3_llm_ws/install/ur_robot_driver/local/lib/python3.10/dist-packages/ur_robot_driver-2.15.0-py3.10.egg-info/SOURCES.txt
[44.776s] -- Symlinking: /home/huy/ur3_llm_ws/install/ur_robot_driver/local/lib/python3.10/dist-packages/ur_robot_driver-2.15.0-py3.10.egg-info/dependency_links.txt
[44.782s] -- Symlinking: /home/huy/ur3_llm_ws/install/ur_robot_driver/local/lib/python3.10/dist-packages/ur_robot_driver-2.15.0-py3.10.egg-info/top_level.txt
[44.787s] -- Symlinking: /home/huy/ur3_llm_ws/install/ur_robot_driver/local/lib/python3.10/dist-packages/ur_robot_driver/__init__.py
[44.795s] -- Symlinking: /home/huy/ur3_llm_ws/install/ur_robot_driver/lib/ur_robot_driver/tool_communication.py
[44.800s] -- Symlinking: /home/huy/ur3_llm_ws/install/ur_robot_driver/lib/ur_robot_driver/example_move.py
[44.806s] -- Symlinking: /home/huy/ur3_llm_ws/install/ur_robot_driver/lib/ur_robot_driver/start_ursim.sh
[44.812s] -- Symlinking: /home/huy/ur3_llm_ws/install/ur_robot_driver/lib/ur_robot_driver/wait_robot_booted.py
[44.820s] -- Symlinking: /home/huy/ur3_llm_ws/install/ur_robot_driver/lib/ur_robot_driver/examples.py
[44.828s] -- Symlinking: /home/huy/ur3_llm_ws/install/ur_robot_driver/lib/ur_robot_driver/force_mode.py
[44.834s] -- Symlinking: /home/huy/ur3_llm_ws/install/ur_robot_driver/lib/ur_robot_driver/move_until_example.py
[44.841s] -- Symlinking: /home/huy/ur3_llm_ws/install/ur_robot_driver/bin/wait_dashboard_server.sh
[44.848s] -- Up-to-date symlink: /home/huy/ur3_llm_ws/install/ur_robot_driver/lib/ur_robot_driver/start_ursim.sh
[44.850s] -- Symlinking: /home/huy/ur3_llm_ws/install/ur_robot_driver/share/ur_robot_driver/config/test_goal_publishers_config.yaml
[44.859s] -- Symlinking: /home/huy/ur3_llm_ws/install/ur_robot_driver/share/ur_robot_driver/config/test_velocity_goal_publishers_config.yaml
[44.867s] -- Symlinking: /home/huy/ur3_llm_ws/install/ur_robot_driver/share/ur_robot_driver/config/ur10_update_rate.yaml
[44.874s] -- Symlinking: /home/huy/ur3_llm_ws/install/ur_robot_driver/share/ur_robot_driver/config/ur10e_update_rate.yaml
[44.881s] -- Symlinking: /home/huy/ur3_llm_ws/install/ur_robot_driver/share/ur_robot_driver/config/ur12e_update_rate.yaml
[44.889s] -- Symlinking: /home/huy/ur3_llm_ws/install/ur_robot_driver/share/ur_robot_driver/config/ur15_update_rate.yaml
[44.894s] -- Symlinking: /home/huy/ur3_llm_ws/install/ur_robot_driver/share/ur_robot_driver/config/ur16e_update_rate.yaml
[44.901s] -- Symlinking: /home/huy/ur3_llm_ws/install/ur_robot_driver/share/ur_robot_driver/config/ur18_update_rate.yaml
[44.907s] -- Symlinking: /home/huy/ur3_llm_ws/install/ur_robot_driver/share/ur_robot_driver/config/ur20_update_rate.yaml
[44.914s] -- Symlinking: /home/huy/ur3_llm_ws/install/ur_robot_driver/share/ur_robot_driver/config/ur30_update_rate.yaml
[44.919s] -- Symlinking: /home/huy/ur3_llm_ws/install/ur_robot_driver/share/ur_robot_driver/config/ur3_update_rate.yaml
[44.926s] -- Symlinking: /home/huy/ur3_llm_ws/install/ur_robot_driver/share/ur_robot_driver/config/ur3e_update_rate.yaml
[44.931s] -- Symlinking: /home/huy/ur3_llm_ws/install/ur_robot_driver/share/ur_robot_driver/config/ur5_update_rate.yaml
[44.938s] -- Symlinking: /home/huy/ur3_llm_ws/install/ur_robot_driver/share/ur_robot_driver/config/ur5e_update_rate.yaml
[44.945s] -- Symlinking: /home/huy/ur3_llm_ws/install/ur_robot_driver/share/ur_robot_driver/config/ur7e_update_rate.yaml
[44.953s] -- Symlinking: /home/huy/ur3_llm_ws/install/ur_robot_driver/share/ur_robot_driver/config/ur8long_update_rate.yaml
[44.958s] -- Symlinking: /home/huy/ur3_llm_ws/install/ur_robot_driver/share/ur_robot_driver/config/ur_controllers.yaml
[44.969s] -- Symlinking: /home/huy/ur3_llm_ws/install/ur_robot_driver/share/ur_robot_driver/launch/test_forward_velocity_controller.launch.py
[44.976s] -- Symlinking: /home/huy/ur3_llm_ws/install/ur_robot_driver/share/ur_robot_driver/launch/test_joint_trajectory_controller.launch.py
[44.983s] -- Symlinking: /home/huy/ur3_llm_ws/install/ur_robot_driver/share/ur_robot_driver/launch/test_scaled_joint_trajectory_controller.launch.py
[44.990s] -- Symlinking: /home/huy/ur3_llm_ws/install/ur_robot_driver/share/ur_robot_driver/launch/ur10.launch.py
[44.998s] -- Symlinking: /home/huy/ur3_llm_ws/install/ur_robot_driver/share/ur_robot_driver/launch/ur10e.launch.py
[45.004s] -- Symlinking: /home/huy/ur3_llm_ws/install/ur_robot_driver/share/ur_robot_driver/launch/ur12e.launch.py
[45.014s] -- Symlinking: /home/huy/ur3_llm_ws/install/ur_robot_driver/share/ur_robot_driver/launch/ur15.launch.py
[45.023s] -- Symlinking: /home/huy/ur3_llm_ws/install/ur_robot_driver/share/ur_robot_driver/launch/ur16e.launch.py
[45.029s] -- Symlinking: /home/huy/ur3_llm_ws/install/ur_robot_driver/share/ur_robot_driver/launch/ur18.launch.py
[45.036s] -- Symlinking: /home/huy/ur3_llm_ws/install/ur_robot_driver/share/ur_robot_driver/launch/ur20.launch.py
[45.041s] -- Symlinking: /home/huy/ur3_llm_ws/install/ur_robot_driver/share/ur_robot_driver/launch/ur3.launch.py
[45.050s] -- Symlinking: /home/huy/ur3_llm_ws/install/ur_robot_driver/share/ur_robot_driver/launch/ur30.launch.py
[45.057s] -- Symlinking: /home/huy/ur3_llm_ws/install/ur_robot_driver/share/ur_robot_driver/launch/ur3e.launch.py
[45.063s] -- Symlinking: /home/huy/ur3_llm_ws/install/ur_robot_driver/share/ur_robot_driver/launch/ur5.launch.py
[45.069s] -- Symlinking: /home/huy/ur3_llm_ws/install/ur_robot_driver/share/ur_robot_driver/launch/ur5e.launch.py
[45.078s] -- Symlinking: /home/huy/ur3_llm_ws/install/ur_robot_driver/share/ur_robot_driver/launch/ur7e.launch.py
[45.085s] -- Symlinking: /home/huy/ur3_llm_ws/install/ur_robot_driver/share/ur_robot_driver/launch/ur8long.launch.py
[45.091s] -- Symlinking: /home/huy/ur3_llm_ws/install/ur_robot_driver/share/ur_robot_driver/launch/ur_control.launch.py
[45.097s] -- Symlinking: /home/huy/ur3_llm_ws/install/ur_robot_driver/share/ur_robot_driver/launch/ur_dashboard_client.launch.py
[45.104s] -- Symlinking: /home/huy/ur3_llm_ws/install/ur_robot_driver/share/ament_index/resource_index/package_run_dependencies/ur_robot_driver
[45.111s] -- Symlinking: /home/huy/ur3_llm_ws/install/ur_robot_driver/share/ament_index/resource_index/parent_prefix_path/ur_robot_driver
[45.118s] -- Symlinking: /home/huy/ur3_llm_ws/install/ur_robot_driver/share/ur_robot_driver/environment/ament_prefix_path.sh
[45.126s] -- Symlinking: /home/huy/ur3_llm_ws/install/ur_robot_driver/share/ur_robot_driver/environment/ament_prefix_path.dsv
[45.133s] -- Symlinking: /home/huy/ur3_llm_ws/install/ur_robot_driver/share/ur_robot_driver/environment/path.sh
[45.139s] -- Symlinking: /home/huy/ur3_llm_ws/install/ur_robot_driver/share/ur_robot_driver/environment/path.dsv
[45.146s] -- Symlinking: /home/huy/ur3_llm_ws/install/ur_robot_driver/share/ur_robot_driver/local_setup.bash
[45.152s] -- Symlinking: /home/huy/ur3_llm_ws/install/ur_robot_driver/share/ur_robot_driver/local_setup.sh
[45.159s] -- Symlinking: /home/huy/ur3_llm_ws/install/ur_robot_driver/share/ur_robot_driver/local_setup.zsh
[45.165s] -- Symlinking: /home/huy/ur3_llm_ws/install/ur_robot_driver/share/ur_robot_driver/local_setup.dsv
[45.173s] -- Symlinking: /home/huy/ur3_llm_ws/install/ur_robot_driver/share/ur_robot_driver/package.dsv
[45.178s] -- Symlinking: /home/huy/ur3_llm_ws/install/ur_robot_driver/share/ament_index/resource_index/packages/ur_robot_driver
[45.185s] -- Symlinking: /home/huy/ur3_llm_ws/install/ur_robot_driver/share/ament_index/resource_index/hardware_interface__pluginlib__plugin/ur_robot_driver
[45.190s] -- Symlinking: /home/huy/ur3_llm_ws/install/ur_robot_driver/share/ur_robot_driver/cmake/ament_cmake_export_include_directories-extras.cmake
[45.196s] -- Symlinking: /home/huy/ur3_llm_ws/install/ur_robot_driver/share/ur_robot_driver/cmake/ament_cmake_export_libraries-extras.cmake
[45.201s] -- Symlinking: /home/huy/ur3_llm_ws/install/ur_robot_driver/share/ur_robot_driver/cmake/ament_cmake_export_dependencies-extras.cmake
[45.207s] -- Symlinking: /home/huy/ur3_llm_ws/install/ur_robot_driver/share/ur_robot_driver/cmake/ur_robot_driverConfig.cmake
[45.213s] -- Symlinking: /home/huy/ur3_llm_ws/install/ur_robot_driver/share/ur_robot_driver/cmake/ur_robot_driverConfig-version.cmake
[45.218s] -- Symlinking: /home/huy/ur3_llm_ws/install/ur_robot_driver/share/ur_robot_driver/package.xml
[45.230s] -- Installing: /home/huy/ur3_llm_ws/install/ur_robot_driver/lib/librobot_state_helper_lib.so
[45.245s] -- Set runtime path of "/home/huy/ur3_llm_ws/install/ur_robot_driver/lib/librobot_state_helper_lib.so" to ""
[45.245s] -- Installing: /home/huy/ur3_llm_ws/install/ur_robot_driver/share/ur_robot_driver/resources
[45.245s] -- Installing: /home/huy/ur3_llm_ws/install/ur_robot_driver/share/ur_robot_driver/resources/rs485-1.0.urcap
[45.246s] -- Installing: /home/huy/ur3_llm_ws/install/ur_robot_driver/share/ur_robot_driver/resources/ros_control.urscript
[45.246s] -- Installing: /home/huy/ur3_llm_ws/install/ur_robot_driver/share/ur_robot_driver/resources/rtde_input_recipe.txt
[45.246s] -- Installing: /home/huy/ur3_llm_ws/install/ur_robot_driver/share/ur_robot_driver/resources/rtde_output_recipe.txt
[45.246s] -- Installing: /home/huy/ur3_llm_ws/install/ur_robot_driver/share/ur_robot_driver/resources/externalcontrol-1.0.5.urcap
[45.267s] Listing '/home/huy/ur3_llm_ws/install/ur_robot_driver/local/lib/python3.10/dist-packages/ur_robot_driver'...
[45.268s] Compiling '/home/huy/ur3_llm_ws/install/ur_robot_driver/local/lib/python3.10/dist-packages/ur_robot_driver/__init__.py'...
[45.272s] Invoked command in '/home/huy/ur3_llm_ws/build/ur_robot_driver' returned '0': AMENT_PREFIX_PATH=/home/huy/ur3_llm_ws/install/ur_controllers:/home/huy/ur3_llm_ws/install/ur_dashboard_msgs:${AMENT_PREFIX_PATH} CMAKE_PREFIX_PATH=/home/huy/ur3_llm_ws/install/ur_controllers:/home/huy/ur3_llm_ws/install/ur_dashboard_msgs:/home/huy/ros2_ws/install/ur_simulation_gz:/home/huy/ros2_ws/install/ur_letter_writer:/home/huy/xecuahuy_ws/install/xecuahuy:/home/huy/xecuahuy_ws/install/slam_gmapping:/home/huy/xecuahuy_ws/install/openslam_gmapping:/home/huy/xecuahuy_ws/install/aws_robomaker_small_warehouse_world:/home/huy/install/xecuahuy:/home/huy/install/turtlebot3:/home/huy/install/turtlebot3_simulations:/home/huy/install/turtlebot3_bringup:/home/huy/install/turtlebot3_node:/home/huy/install/turtlebot3_fake_node:/home/huy/install/turtlebot3_msgs:/home/huy/install/turtlebot3_gazebo:/home/huy/install/slam_gmapping:/home/huy/install/micro_ros_setup:/home/huy/install/micro_ros_agent:/home/huy/install/micro_ros_msgs:/home/huy/install/dynamixel_sdk_examples:/home/huy/install/dynamixel_sdk_custom_interfaces:/home/huy/install/dynamixel_sdk:/home/huy/install/aws_robomaker_small_warehouse_world:/home/huy/install/turtlebot3_teleop:/home/huy/install/turtlebot3_navigation2:/home/huy/install/turtlebot3_example:/home/huy/install/turtlebot3_manipulation_gazebo:/home/huy/install/turtlebot3_description:/home/huy/install/turtlebot3_cartographer:/home/huy/install/openslam_gmapping:/opt/ros/humble LD_LIBRARY_PATH=/home/huy/ur3_llm_ws/install/ur_controllers/lib:/home/huy/ur3_llm_ws/install/ur_dashboard_msgs/lib:/home/huy/xecuahuy_ws/install/openslam_gmapping/lib:/home/huy/install/turtlebot3_msgs/lib:/home/huy/install/openslam_gmapping/lib:/home/huy/install/micro_ros_agent/lib:/home/huy/install/micro_ros_msgs/lib:/home/huy/install/dynamixel_sdk_custom_interfaces/lib:/home/huy/install/dynamixel_sdk/lib:/usr/lib/x86_64-linux-gnu/gazebo-11/plugins:/opt/ros/humble/opt/rviz_ogre_vendor/lib:/opt/ros/humble/lib/x86_64-linux-gnu:/opt/ros/humble/lib:/usr/lib/x86_64-linux-gnu/gazebo-11/plugins:/usr/lib/x86_64-linux-gnu/gazebo-11/plugins:/usr/lib/x86_64-linux-gnu/gazebo-11/plugins:/usr/lib/x86_64-linux-gnu/gazebo-11/plugins:/usr/lib/x86_64-linux-gnu/gazebo-11/plugins:/usr/lib/x86_64-linux-gnu/gazebo-11/plugins PS1=${debian_chroot:+($debian_chroot)}\[\033[01;32m\]\u@\h\[\033[00m\]:\[\033[01;34m\]\w\[\033[00m\]\$ PYTHONPATH=/home/huy/ur3_llm_ws/install/ur_dashboard_msgs/local/lib/python3.10/dist-packages:${PYTHONPATH} /usr/bin/cmake --install /home/huy/ur3_llm_ws/build/ur_robot_driver
