[35m[1mConsolidate compiler generated dependencies of target home[0m
[100%] Built target home
-- Install configuration: ""
-- Execute custom install script
-- Up-to-date symlink: /home/huy/ur3_llm_ws/install/ur3_robot_skills/lib/ur3_robot_skills/home
-- Up-to-date symlink: /home/huy/ur3_llm_ws/install/ur3_robot_skills/share/ament_index/resource_index/package_run_dependencies/ur3_robot_skills
-- Up-to-date symlink: /home/huy/ur3_llm_ws/install/ur3_robot_skills/share/ament_index/resource_index/parent_prefix_path/ur3_robot_skills
-- Up-to-date symlink: /home/huy/ur3_llm_ws/install/ur3_robot_skills/share/ur3_robot_skills/environment/ament_prefix_path.sh
-- Up-to-date symlink: /home/huy/ur3_llm_ws/install/ur3_robot_skills/share/ur3_robot_skills/environment/ament_prefix_path.dsv
-- Up-to-date symlink: /home/huy/ur3_llm_ws/install/ur3_robot_skills/share/ur3_robot_skills/environment/path.sh
-- Up-to-date symlink: /home/huy/ur3_llm_ws/install/ur3_robot_skills/share/ur3_robot_skills/environment/path.dsv
-- Up-to-date symlink: /home/huy/ur3_llm_ws/install/ur3_robot_skills/share/ur3_robot_skills/local_setup.bash
-- Up-to-date symlink: /home/huy/ur3_llm_ws/install/ur3_robot_skills/share/ur3_robot_skills/local_setup.sh
-- Up-to-date symlink: /home/huy/ur3_llm_ws/install/ur3_robot_skills/share/ur3_robot_skills/local_setup.zsh
-- Up-to-date symlink: /home/huy/ur3_llm_ws/install/ur3_robot_skills/share/ur3_robot_skills/local_setup.dsv
-- Symlinking: /home/huy/ur3_llm_ws/install/ur3_robot_skills/share/ur3_robot_skills/package.dsv
-- Up-to-date symlink: /home/huy/ur3_llm_ws/install/ur3_robot_skills/share/ament_index/resource_index/packages/ur3_robot_skills
-- Up-to-date symlink: /home/huy/ur3_llm_ws/install/ur3_robot_skills/share/ur3_robot_skills/cmake/ur3_robot_skillsConfig.cmake
-- Up-to-date symlink: /home/huy/ur3_llm_ws/install/ur3_robot_skills/share/ur3_robot_skills/cmake/ur3_robot_skillsConfig-version.cmake
-- Up-to-date symlink: /home/huy/ur3_llm_ws/install/ur3_robot_skills/share/ur3_robot_skills/package.xml
