[0.359s] Invoking command in '/home/huy/ur3_llm_ws/build/ur3_robot_skills': CMAKE_PREFIX_PATH=${CMAKE_PREFIX_PATH}:/home/huy/ur3_llm_ws/install/ur3_llm_control:/opt/ros/humble PS1=${debian_chroot:+($debian_chroot)}\[\033[01;32m\]\u@\h\[\033[00m\]:\[\033[01;34m\]\w\[\033[00m\]\$ /usr/bin/cmake --build /home/huy/ur3_llm_ws/build/ur3_robot_skills -- -j12 -l12
[0.443s] [35m[1mConsolidate compiler generated dependencies of target home[0m
[0.509s] [100%] Built target home
[0.527s] Invoked command in '/home/huy/ur3_llm_ws/build/ur3_robot_skills' returned '0': CMAKE_PREFIX_PATH=${CMAKE_PREFIX_PATH}:/home/huy/ur3_llm_ws/install/ur3_llm_control:/opt/ros/humble PS1=${debian_chroot:+($debian_chroot)}\[\033[01;32m\]\u@\h\[\033[00m\]:\[\033[01;34m\]\w\[\033[00m\]\$ /usr/bin/cmake --build /home/huy/ur3_llm_ws/build/ur3_robot_skills -- -j12 -l12
[0.539s] Invoking command in '/home/huy/ur3_llm_ws/build/ur3_robot_skills': CMAKE_PREFIX_PATH=${CMAKE_PREFIX_PATH}:/home/huy/ur3_llm_ws/install/ur3_llm_control:/opt/ros/humble PS1=${debian_chroot:+($debian_chroot)}\[\033[01;32m\]\u@\h\[\033[00m\]:\[\033[01;34m\]\w\[\033[00m\]\$ /usr/bin/cmake --install /home/huy/ur3_llm_ws/build/ur3_robot_skills
[0.546s] -- Install configuration: ""
[0.546s] -- Execute custom install script
[0.547s] -- Up-to-date symlink: /home/huy/ur3_llm_ws/install/ur3_robot_skills/lib/ur3_robot_skills/home
[0.548s] -- Up-to-date symlink: /home/huy/ur3_llm_ws/install/ur3_robot_skills/share/ament_index/resource_index/package_run_dependencies/ur3_robot_skills
[0.548s] -- Up-to-date symlink: /home/huy/ur3_llm_ws/install/ur3_robot_skills/share/ament_index/resource_index/parent_prefix_path/ur3_robot_skills
[0.548s] -- Up-to-date symlink: /home/huy/ur3_llm_ws/install/ur3_robot_skills/share/ur3_robot_skills/environment/ament_prefix_path.sh
[0.548s] -- Up-to-date symlink: /home/huy/ur3_llm_ws/install/ur3_robot_skills/share/ur3_robot_skills/environment/ament_prefix_path.dsv
[0.549s] -- Up-to-date symlink: /home/huy/ur3_llm_ws/install/ur3_robot_skills/share/ur3_robot_skills/environment/path.sh
[0.549s] -- Up-to-date symlink: /home/huy/ur3_llm_ws/install/ur3_robot_skills/share/ur3_robot_skills/environment/path.dsv
[0.550s] -- Up-to-date symlink: /home/huy/ur3_llm_ws/install/ur3_robot_skills/share/ur3_robot_skills/local_setup.bash
[0.550s] -- Up-to-date symlink: /home/huy/ur3_llm_ws/install/ur3_robot_skills/share/ur3_robot_skills/local_setup.sh
[0.550s] -- Up-to-date symlink: /home/huy/ur3_llm_ws/install/ur3_robot_skills/share/ur3_robot_skills/local_setup.zsh
[0.550s] -- Up-to-date symlink: /home/huy/ur3_llm_ws/install/ur3_robot_skills/share/ur3_robot_skills/local_setup.dsv
[0.551s] -- Symlinking: /home/huy/ur3_llm_ws/install/ur3_robot_skills/share/ur3_robot_skills/package.dsv
[0.564s] -- Up-to-date symlink: /home/huy/ur3_llm_ws/install/ur3_robot_skills/share/ament_index/resource_index/packages/ur3_robot_skills
[0.565s] -- Up-to-date symlink: /home/huy/ur3_llm_ws/install/ur3_robot_skills/share/ur3_robot_skills/cmake/ur3_robot_skillsConfig.cmake
[0.565s] -- Up-to-date symlink: /home/huy/ur3_llm_ws/install/ur3_robot_skills/share/ur3_robot_skills/cmake/ur3_robot_skillsConfig-version.cmake
[0.565s] -- Up-to-date symlink: /home/huy/ur3_llm_ws/install/ur3_robot_skills/share/ur3_robot_skills/package.xml
[0.567s] Invoked command in '/home/huy/ur3_llm_ws/build/ur3_robot_skills' returned '0': CMAKE_PREFIX_PATH=${CMAKE_PREFIX_PATH}:/home/huy/ur3_llm_ws/install/ur3_llm_control:/opt/ros/humble PS1=${debian_chroot:+($debian_chroot)}\[\033[01;32m\]\u@\h\[\033[00m\]:\[\033[01;34m\]\w\[\033[00m\]\$ /usr/bin/cmake --install /home/huy/ur3_llm_ws/build/ur3_robot_skills
