[0.007s] Invoking command in '/home/huy/ur3_llm_ws/build/ur_moveit_config': CMAKE_PREFIX_PATH=${CMAKE_PREFIX_PATH}:/home/huy/install/turtlebot3_teleop:/home/huy/install/turtlebot3_navigation2:/home/huy/install/turtlebot3_example:/home/huy/install/turtlebot3_manipulation_gazebo:/home/huy/install/turtlebot3_description:/home/huy/install/turtlebot3_cartographer:/home/huy/install/openslam_gmapping:/opt/ros/humble PS1=${debian_chroot:+($debian_chroot)}\[\033[01;32m\]\u@\h\[\033[00m\]:\[\033[01;34m\]\w\[\033[00m\]\$ /usr/bin/cmake /home/huy/ur3_llm_ws/src/Universal_Robots_ROS2_Driver/ur_moveit_config -DAMENT_CMAKE_SYMLINK_INSTALL=1 -DCMAKE_INSTALL_PREFIX=/home/huy/ur3_llm_ws/install/ur_moveit_config
[0.049s] -- The C compiler identification is GNU 11.4.0
[0.087s] -- The CXX compiler identification is GNU 11.4.0
[0.092s] -- Detecting C compiler ABI info
[0.143s] -- Detecting C compiler ABI info - done
[0.149s] -- Check for working C compiler: /usr/bin/cc - skipped
[0.149s] -- Detecting C compile features
[0.149s] -- Detecting C compile features - done
[0.151s] -- Detecting CXX compiler ABI info
[0.208s] -- Detecting CXX compiler ABI info - done
[0.216s] -- Check for working CXX compiler: /usr/bin/c++ - skipped
[0.216s] -- Detecting CXX compile features
[0.216s] -- Detecting CXX compile features - done
[0.218s] -- Found ament_cmake: 1.3.14 (/opt/ros/humble/share/ament_cmake/cmake)
[0.328s] -- Found Python3: /usr/bin/python3 (found version "3.10.12") found components: Interpreter 
[0.368s] -- Override CMake install command with custom implementation using symlinks instead of copying resources
[0.485s] -- Configuring done
[0.487s] -- Generating done
[0.487s] -- Build files have been written to: /home/huy/ur3_llm_ws/build/ur_moveit_config
[0.490s] Invoked command in '/home/huy/ur3_llm_ws/build/ur_moveit_config' returned '0': CMAKE_PREFIX_PATH=${CMAKE_PREFIX_PATH}:/home/huy/install/turtlebot3_teleop:/home/huy/install/turtlebot3_navigation2:/home/huy/install/turtlebot3_example:/home/huy/install/turtlebot3_manipulation_gazebo:/home/huy/install/turtlebot3_description:/home/huy/install/turtlebot3_cartographer:/home/huy/install/openslam_gmapping:/opt/ros/humble PS1=${debian_chroot:+($debian_chroot)}\[\033[01;32m\]\u@\h\[\033[00m\]:\[\033[01;34m\]\w\[\033[00m\]\$ /usr/bin/cmake /home/huy/ur3_llm_ws/src/Universal_Robots_ROS2_Driver/ur_moveit_config -DAMENT_CMAKE_SYMLINK_INSTALL=1 -DCMAKE_INSTALL_PREFIX=/home/huy/ur3_llm_ws/install/ur_moveit_config
[0.492s] Invoking command in '/home/huy/ur3_llm_ws/build/ur_moveit_config': CMAKE_PREFIX_PATH=${CMAKE_PREFIX_PATH}:/home/huy/install/turtlebot3_teleop:/home/huy/install/turtlebot3_navigation2:/home/huy/install/turtlebot3_example:/home/huy/install/turtlebot3_manipulation_gazebo:/home/huy/install/turtlebot3_description:/home/huy/install/turtlebot3_cartographer:/home/huy/install/openslam_gmapping:/opt/ros/humble PS1=${debian_chroot:+($debian_chroot)}\[\033[01;32m\]\u@\h\[\033[00m\]:\[\033[01;34m\]\w\[\033[00m\]\$ /usr/bin/cmake --build /home/huy/ur3_llm_ws/build/ur_moveit_config -- -j12 -l12
[0.534s] Built target ament_cmake_python_symlink_ur_moveit_config
[0.671s] running egg_info
[0.671s] creating ur_moveit_config.egg-info
[0.671s] writing ur_moveit_config.egg-info/PKG-INFO
[0.671s] writing dependency_links to ur_moveit_config.egg-info/dependency_links.txt
[0.671s] writing top-level names to ur_moveit_config.egg-info/top_level.txt
[0.671s] writing manifest file 'ur_moveit_config.egg-info/SOURCES.txt'
[0.673s] reading manifest file 'ur_moveit_config.egg-info/SOURCES.txt'
[0.673s] writing manifest file 'ur_moveit_config.egg-info/SOURCES.txt'
[0.693s] Built target ament_cmake_python_build_ur_moveit_config_egg
[0.702s] Invoked command in '/home/huy/ur3_llm_ws/build/ur_moveit_config' returned '0': CMAKE_PREFIX_PATH=${CMAKE_PREFIX_PATH}:/home/huy/install/turtlebot3_teleop:/home/huy/install/turtlebot3_navigation2:/home/huy/install/turtlebot3_example:/home/huy/install/turtlebot3_manipulation_gazebo:/home/huy/install/turtlebot3_description:/home/huy/install/turtlebot3_cartographer:/home/huy/install/openslam_gmapping:/opt/ros/humble PS1=${debian_chroot:+($debian_chroot)}\[\033[01;32m\]\u@\h\[\033[00m\]:\[\033[01;34m\]\w\[\033[00m\]\$ /usr/bin/cmake --build /home/huy/ur3_llm_ws/build/ur_moveit_config -- -j12 -l12
[0.710s] Invoking command in '/home/huy/ur3_llm_ws/build/ur_moveit_config': CMAKE_PREFIX_PATH=${CMAKE_PREFIX_PATH}:/home/huy/install/turtlebot3_teleop:/home/huy/install/turtlebot3_navigation2:/home/huy/install/turtlebot3_example:/home/huy/install/turtlebot3_manipulation_gazebo:/home/huy/install/turtlebot3_description:/home/huy/install/turtlebot3_cartographer:/home/huy/install/openslam_gmapping:/opt/ros/humble PS1=${debian_chroot:+($debian_chroot)}\[\033[01;32m\]\u@\h\[\033[00m\]:\[\033[01;34m\]\w\[\033[00m\]\$ /usr/bin/cmake --install /home/huy/ur3_llm_ws/build/ur_moveit_config
[0.715s] -- Install configuration: ""
[0.715s] -- Execute custom install script
[0.715s] -- Symlinking: /home/huy/ur3_llm_ws/install/ur_moveit_config/share/ur_moveit_config/config/controllers.yaml
[0.722s] -- Symlinking: /home/huy/ur3_llm_ws/install/ur_moveit_config/share/ur_moveit_config/config/joint_limits.yaml
[0.730s] -- Symlinking: /home/huy/ur3_llm_ws/install/ur_moveit_config/share/ur_moveit_config/config/kinematics.yaml
[0.735s] -- Symlinking: /home/huy/ur3_llm_ws/install/ur_moveit_config/share/ur_moveit_config/config/ompl_planning.yaml
[0.741s] -- Symlinking: /home/huy/ur3_llm_ws/install/ur_moveit_config/share/ur_moveit_config/config/ur_servo.yaml
[0.746s] -- Symlinking: /home/huy/ur3_llm_ws/install/ur_moveit_config/share/ur_moveit_config/launch/ur_moveit.launch.py
[0.752s] -- Symlinking: /home/huy/ur3_llm_ws/install/ur_moveit_config/share/ur_moveit_config/rviz/view_robot.rviz
[0.758s] -- Symlinking: /home/huy/ur3_llm_ws/install/ur_moveit_config/share/ur_moveit_config/srdf/ur.srdf.xacro
[0.764s] -- Symlinking: /home/huy/ur3_llm_ws/install/ur_moveit_config/share/ur_moveit_config/srdf/ur_macro.srdf.xacro
[0.771s] -- Symlinking: /home/huy/ur3_llm_ws/install/ur_moveit_config/share/ur_moveit_config/environment/pythonpath.sh
[0.777s] -- Symlinking: /home/huy/ur3_llm_ws/install/ur_moveit_config/share/ur_moveit_config/environment/pythonpath.dsv
[0.785s] -- Symlinking: /home/huy/ur3_llm_ws/install/ur_moveit_config/local/lib/python3.10/dist-packages/ur_moveit_config-2.15.0-py3.10.egg-info/PKG-INFO
[0.793s] -- Symlinking: /home/huy/ur3_llm_ws/install/ur_moveit_config/local/lib/python3.10/dist-packages/ur_moveit_config-2.15.0-py3.10.egg-info/SOURCES.txt
[0.799s] -- Symlinking: /home/huy/ur3_llm_ws/install/ur_moveit_config/local/lib/python3.10/dist-packages/ur_moveit_config-2.15.0-py3.10.egg-info/dependency_links.txt
[0.807s] -- Symlinking: /home/huy/ur3_llm_ws/install/ur_moveit_config/local/lib/python3.10/dist-packages/ur_moveit_config-2.15.0-py3.10.egg-info/top_level.txt
[0.813s] -- Symlinking: /home/huy/ur3_llm_ws/install/ur_moveit_config/local/lib/python3.10/dist-packages/ur_moveit_config/__init__.py
[0.820s] -- Symlinking: /home/huy/ur3_llm_ws/install/ur_moveit_config/local/lib/python3.10/dist-packages/ur_moveit_config/launch_common.py
[0.827s] -- Symlinking: /home/huy/ur3_llm_ws/install/ur_moveit_config/local/lib/python3.10/dist-packages/launch_common.py
[0.835s] -- Symlinking: /home/huy/ur3_llm_ws/install/ur_moveit_config/share/ament_index/resource_index/package_run_dependencies/ur_moveit_config
[0.843s] -- Symlinking: /home/huy/ur3_llm_ws/install/ur_moveit_config/share/ament_index/resource_index/parent_prefix_path/ur_moveit_config
[0.849s] -- Symlinking: /home/huy/ur3_llm_ws/install/ur_moveit_config/share/ur_moveit_config/environment/ament_prefix_path.sh
[0.857s] -- Symlinking: /home/huy/ur3_llm_ws/install/ur_moveit_config/share/ur_moveit_config/environment/ament_prefix_path.dsv
[0.864s] -- Symlinking: /home/huy/ur3_llm_ws/install/ur_moveit_config/share/ur_moveit_config/environment/path.sh
[0.870s] -- Symlinking: /home/huy/ur3_llm_ws/install/ur_moveit_config/share/ur_moveit_config/environment/path.dsv
[0.875s] -- Symlinking: /home/huy/ur3_llm_ws/install/ur_moveit_config/share/ur_moveit_config/local_setup.bash
[0.883s] -- Symlinking: /home/huy/ur3_llm_ws/install/ur_moveit_config/share/ur_moveit_config/local_setup.sh
[0.890s] -- Symlinking: /home/huy/ur3_llm_ws/install/ur_moveit_config/share/ur_moveit_config/local_setup.zsh
[0.896s] -- Symlinking: /home/huy/ur3_llm_ws/install/ur_moveit_config/share/ur_moveit_config/local_setup.dsv
[0.903s] -- Symlinking: /home/huy/ur3_llm_ws/install/ur_moveit_config/share/ur_moveit_config/package.dsv
[0.911s] -- Symlinking: /home/huy/ur3_llm_ws/install/ur_moveit_config/share/ament_index/resource_index/packages/ur_moveit_config
[0.919s] -- Symlinking: /home/huy/ur3_llm_ws/install/ur_moveit_config/share/ur_moveit_config/cmake/ur_moveit_configConfig.cmake
[0.924s] -- Symlinking: /home/huy/ur3_llm_ws/install/ur_moveit_config/share/ur_moveit_config/cmake/ur_moveit_configConfig-version.cmake
[0.930s] -- Symlinking: /home/huy/ur3_llm_ws/install/ur_moveit_config/share/ur_moveit_config/package.xml
[0.958s] Listing '/home/huy/ur3_llm_ws/install/ur_moveit_config/local/lib/python3.10/dist-packages/ur_moveit_config'...
[0.958s] Compiling '/home/huy/ur3_llm_ws/install/ur_moveit_config/local/lib/python3.10/dist-packages/ur_moveit_config/__init__.py'...
[0.958s] Compiling '/home/huy/ur3_llm_ws/install/ur_moveit_config/local/lib/python3.10/dist-packages/ur_moveit_config/launch_common.py'...
[0.983s] Compiling '/home/huy/ur3_llm_ws/install/ur_moveit_config/local/lib/python3.10/dist-packages/launch_common.py'...
[0.988s] Invoked command in '/home/huy/ur3_llm_ws/build/ur_moveit_config' returned '0': CMAKE_PREFIX_PATH=${CMAKE_PREFIX_PATH}:/home/huy/install/turtlebot3_teleop:/home/huy/install/turtlebot3_navigation2:/home/huy/install/turtlebot3_example:/home/huy/install/turtlebot3_manipulation_gazebo:/home/huy/install/turtlebot3_description:/home/huy/install/turtlebot3_cartographer:/home/huy/install/openslam_gmapping:/opt/ros/humble PS1=${debian_chroot:+($debian_chroot)}\[\033[01;32m\]\u@\h\[\033[00m\]:\[\033[01;34m\]\w\[\033[00m\]\$ /usr/bin/cmake --install /home/huy/ur3_llm_ws/build/ur_moveit_config
