[0.385s] Invoking command in '/home/huy/ur3_llm_ws/src/ur3_llm_control': PYTHONPATH=/home/huy/ur3_llm_ws/build/ur3_llm_control/prefix_override:/usr/lib/python3/dist-packages/colcon_core/task/python/colcon_distutils_commands:/home/huy/ur3_llm_ws/install/ur3_llm_control/lib/python3.10/site-packages:${PYTHONPATH} /usr/bin/python3 -W ignore:setup.py install is deprecated -W ignore:easy_install command is deprecated setup.py egg_info --egg-base ../../build/ur3_llm_control build --build-base /home/huy/ur3_llm_ws/build/ur3_llm_control/build install --record /home/huy/ur3_llm_ws/build/ur3_llm_control/install.log --single-version-externally-managed install_data
[0.527s] running egg_info
[0.527s] writing ../../build/ur3_llm_control/ur3_llm_control.egg-info/PKG-INFO
[0.527s] writing dependency_links to ../../build/ur3_llm_control/ur3_llm_control.egg-info/dependency_links.txt
[0.527s] writing entry points to ../../build/ur3_llm_control/ur3_llm_control.egg-info/entry_points.txt
[0.528s] writing requirements to ../../build/ur3_llm_control/ur3_llm_control.egg-info/requires.txt
[0.528s] writing top-level names to ../../build/ur3_llm_control/ur3_llm_control.egg-info/top_level.txt
[0.528s] reading manifest file '../../build/ur3_llm_control/ur3_llm_control.egg-info/SOURCES.txt'
[0.529s] writing manifest file '../../build/ur3_llm_control/ur3_llm_control.egg-info/SOURCES.txt'
[0.529s] running build
[0.529s] running build_py
[0.529s] copying ur3_llm_control/llm_node.py -> /home/huy/ur3_llm_ws/build/ur3_llm_control/build/lib/ur3_llm_control
[0.529s] copying ur3_llm_control/task_validator.py -> /home/huy/ur3_llm_ws/build/ur3_llm_control/build/lib/ur3_llm_control
[0.529s] copying ur3_llm_control/robot_skills.py -> /home/huy/ur3_llm_ws/build/ur3_llm_control/build/lib/ur3_llm_control
[0.529s] copying ur3_llm_control/skill_executor.py -> /home/huy/ur3_llm_ws/build/ur3_llm_control/build/lib/ur3_llm_control
[0.529s] copying ur3_llm_control/student_config.py -> /home/huy/ur3_llm_ws/build/ur3_llm_control/build/lib/ur3_llm_control
[0.530s] copying ur3_llm_control/llm_planner.py -> /home/huy/ur3_llm_ws/build/ur3_llm_control/build/lib/ur3_llm_control
[0.530s] running install
[0.530s] running install_lib
[0.530s] copying /home/huy/ur3_llm_ws/build/ur3_llm_control/build/lib/ur3_llm_control/llm_node.py -> /home/huy/ur3_llm_ws/install/ur3_llm_control/lib/python3.10/site-packages/ur3_llm_control
[0.530s] copying /home/huy/ur3_llm_ws/build/ur3_llm_control/build/lib/ur3_llm_control/task_validator.py -> /home/huy/ur3_llm_ws/install/ur3_llm_control/lib/python3.10/site-packages/ur3_llm_control
[0.530s] copying /home/huy/ur3_llm_ws/build/ur3_llm_control/build/lib/ur3_llm_control/robot_skills.py -> /home/huy/ur3_llm_ws/install/ur3_llm_control/lib/python3.10/site-packages/ur3_llm_control
[0.530s] copying /home/huy/ur3_llm_ws/build/ur3_llm_control/build/lib/ur3_llm_control/skill_executor.py -> /home/huy/ur3_llm_ws/install/ur3_llm_control/lib/python3.10/site-packages/ur3_llm_control
[0.530s] copying /home/huy/ur3_llm_ws/build/ur3_llm_control/build/lib/ur3_llm_control/student_config.py -> /home/huy/ur3_llm_ws/install/ur3_llm_control/lib/python3.10/site-packages/ur3_llm_control
[0.530s] copying /home/huy/ur3_llm_ws/build/ur3_llm_control/build/lib/ur3_llm_control/llm_planner.py -> /home/huy/ur3_llm_ws/install/ur3_llm_control/lib/python3.10/site-packages/ur3_llm_control
[0.531s] byte-compiling /home/huy/ur3_llm_ws/install/ur3_llm_control/lib/python3.10/site-packages/ur3_llm_control/llm_node.py to llm_node.cpython-310.pyc
[0.531s] byte-compiling /home/huy/ur3_llm_ws/install/ur3_llm_control/lib/python3.10/site-packages/ur3_llm_control/task_validator.py to task_validator.cpython-310.pyc
[0.531s] byte-compiling /home/huy/ur3_llm_ws/install/ur3_llm_control/lib/python3.10/site-packages/ur3_llm_control/robot_skills.py to robot_skills.cpython-310.pyc
[0.532s] byte-compiling /home/huy/ur3_llm_ws/install/ur3_llm_control/lib/python3.10/site-packages/ur3_llm_control/skill_executor.py to skill_executor.cpython-310.pyc
[0.532s] byte-compiling /home/huy/ur3_llm_ws/install/ur3_llm_control/lib/python3.10/site-packages/ur3_llm_control/student_config.py to student_config.cpython-310.pyc
[0.533s] byte-compiling /home/huy/ur3_llm_ws/install/ur3_llm_control/lib/python3.10/site-packages/ur3_llm_control/llm_planner.py to llm_planner.cpython-310.pyc
[0.533s] running install_data
[0.533s] copying package.xml -> /home/huy/ur3_llm_ws/install/ur3_llm_control/share/ur3_llm_control
[0.533s] running install_egg_info
[0.534s] removing '/home/huy/ur3_llm_ws/install/ur3_llm_control/lib/python3.10/site-packages/ur3_llm_control-0.0.0-py3.10.egg-info' (and everything under it)
[0.535s] Copying ../../build/ur3_llm_control/ur3_llm_control.egg-info to /home/huy/ur3_llm_ws/install/ur3_llm_control/lib/python3.10/site-packages/ur3_llm_control-0.0.0-py3.10.egg-info
[0.535s] running install_scripts
[0.549s] Installing command_node script to /home/huy/ur3_llm_ws/install/ur3_llm_control/lib/ur3_llm_control
[0.549s] Installing llm_node script to /home/huy/ur3_llm_ws/install/ur3_llm_control/lib/ur3_llm_control
[0.549s] Installing move_home script to /home/huy/ur3_llm_ws/install/ur3_llm_control/lib/ur3_llm_control
[0.549s] Installing move_joint script to /home/huy/ur3_llm_ws/install/ur3_llm_control/lib/ur3_llm_control
[0.549s] Installing move_to_pose script to /home/huy/ur3_llm_ws/install/ur3_llm_control/lib/ur3_llm_control
[0.549s] Installing skill_executor script to /home/huy/ur3_llm_ws/install/ur3_llm_control/lib/ur3_llm_control
[0.549s] writing list of installed files to '/home/huy/ur3_llm_ws/build/ur3_llm_control/install.log'
[0.569s] Invoked command in '/home/huy/ur3_llm_ws/src/ur3_llm_control' returned '0': PYTHONPATH=/home/huy/ur3_llm_ws/build/ur3_llm_control/prefix_override:/usr/lib/python3/dist-packages/colcon_core/task/python/colcon_distutils_commands:/home/huy/ur3_llm_ws/install/ur3_llm_control/lib/python3.10/site-packages:${PYTHONPATH} /usr/bin/python3 -W ignore:setup.py install is deprecated -W ignore:easy_install command is deprecated setup.py egg_info --egg-base ../../build/ur3_llm_control build --build-base /home/huy/ur3_llm_ws/build/ur3_llm_control/build install --record /home/huy/ur3_llm_ws/build/ur3_llm_control/install.log --single-version-externally-managed install_data
