[0.023s] Invoking command in '/home/huy/ur3_llm_ws/build/ur_calibration': AMENT_PREFIX_PATH=/home/huy/ur3_llm_ws/install/ur_robot_driver:/home/huy/ur3_llm_ws/install/ur_controllers:/home/huy/ur3_llm_ws/install/ur_dashboard_msgs:${AMENT_PREFIX_PATH} CMAKE_PREFIX_PATH=/home/huy/ur3_llm_ws/install/ur_robot_driver:/home/huy/ur3_llm_ws/install/ur_controllers:/home/huy/ur3_llm_ws/install/ur_dashboard_msgs:/home/huy/ros2_ws/install/ur_simulation_gz:/home/huy/ros2_ws/install/ur_letter_writer:/home/huy/xecuahuy_ws/install/xecuahuy:/home/huy/xecuahuy_ws/install/slam_gmapping:/home/huy/xecuahuy_ws/install/openslam_gmapping:/home/huy/xecuahuy_ws/install/aws_robomaker_small_warehouse_world:/home/huy/install/xecuahuy:/home/huy/install/turtlebot3:/home/huy/install/turtlebot3_simulations:/home/huy/install/turtlebot3_bringup:/home/huy/install/turtlebot3_node:/home/huy/install/turtlebot3_fake_node:/home/huy/install/turtlebot3_msgs:/home/huy/install/turtlebot3_gazebo:/home/huy/install/slam_gmapping:/home/huy/install/micro_ros_setup:/home/huy/install/micro_ros_agent:/home/huy/install/micro_ros_msgs:/home/huy/install/dynamixel_sdk_examples:/home/huy/install/dynamixel_sdk_custom_interfaces:/home/huy/install/dynamixel_sdk:/home/huy/install/aws_robomaker_small_warehouse_world:/home/huy/install/turtlebot3_teleop:/home/huy/install/turtlebot3_navigation2:/home/huy/install/turtlebot3_example:/home/huy/install/turtlebot3_manipulation_gazebo:/home/huy/install/turtlebot3_description:/home/huy/install/turtlebot3_cartographer:/home/huy/install/openslam_gmapping:/opt/ros/humble LD_LIBRARY_PATH=/home/huy/ur3_llm_ws/install/ur_robot_driver/lib:/home/huy/ur3_llm_ws/install/ur_controllers/lib:/home/huy/ur3_llm_ws/install/ur_dashboard_msgs/lib:/home/huy/xecuahuy_ws/install/openslam_gmapping/lib:/home/huy/install/turtlebot3_msgs/lib:/home/huy/install/openslam_gmapping/lib:/home/huy/install/micro_ros_agent/lib:/home/huy/install/micro_ros_msgs/lib:/home/huy/install/dynamixel_sdk_custom_interfaces/lib:/home/huy/install/dynamixel_sdk/lib:/usr/lib/x86_64-linux-gnu/gazebo-11/plugins:/opt/ros/humble/opt/rviz_ogre_vendor/lib:/opt/ros/humble/lib/x86_64-linux-gnu:/opt/ros/humble/lib:/usr/lib/x86_64-linux-gnu/gazebo-11/plugins:/usr/lib/x86_64-linux-gnu/gazebo-11/plugins:/usr/lib/x86_64-linux-gnu/gazebo-11/plugins:/usr/lib/x86_64-linux-gnu/gazebo-11/plugins:/usr/lib/x86_64-linux-gnu/gazebo-11/plugins:/usr/lib/x86_64-linux-gnu/gazebo-11/plugins PATH=/home/huy/ur3_llm_ws/install/ur_robot_driver/bin:${PATH} PS1=${debian_chroot:+($debian_chroot)}\[\033[01;32m\]\u@\h\[\033[00m\]:\[\033[01;34m\]\w\[\033[00m\]\$ PYTHONPATH=/home/huy/ur3_llm_ws/install/ur_robot_driver/local/lib/python3.10/dist-packages:/home/huy/ur3_llm_ws/install/ur_dashboard_msgs/local/lib/python3.10/dist-packages:${PYTHONPATH} /usr/bin/cmake /home/huy/ur3_llm_ws/src/Universal_Robots_ROS2_Driver/ur_calibration -DAMENT_CMAKE_SYMLINK_INSTALL=1 -DCMAKE_INSTALL_PREFIX=/home/huy/ur3_llm_ws/install/ur_calibration
[0.151s] -- The C compiler identification is GNU 11.4.0
[0.205s] -- The CXX compiler identification is GNU 11.4.0
[0.212s] -- Detecting C compiler ABI info
[0.297s] -- Detecting C compiler ABI info - done
[0.302s] -- Check for working C compiler: /usr/bin/cc - skipped
[0.302s] -- Detecting C compile features
[0.303s] -- Detecting C compile features - done
[0.306s] -- Detecting CXX compiler ABI info
[0.369s] -- Detecting CXX compiler ABI info - done
[0.374s] -- Check for working CXX compiler: /usr/bin/c++ - skipped
[0.374s] -- Detecting CXX compile features
[0.374s] -- Detecting CXX compile features - done
[0.375s] [0mur_calibration: You did not request a specific build type: selecting 'RelWithDebInfo'.[0m
[0.379s] -- Found ament_cmake: 1.3.14 (/opt/ros/humble/share/ament_cmake/cmake)
[0.491s] -- Found Python3: /usr/bin/python3 (found version "3.10.12") found components: Interpreter 
[0.539s] -- Override CMake install command with custom implementation using symlinks instead of copying resources
[0.570s] -- Found rclcpp: 16.0.19 (/opt/ros/humble/share/rclcpp/cmake)
[0.610s] -- Found rosidl_generator_c: 3.1.8 (/opt/ros/humble/share/rosidl_generator_c/cmake)
[0.615s] -- Found rosidl_adapter: 3.1.8 (/opt/ros/humble/share/rosidl_adapter/cmake)
[0.623s] -- Found rosidl_generator_cpp: 3.1.8 (/opt/ros/humble/share/rosidl_generator_cpp/cmake)
[0.633s] -- Using all available rosidl_typesupport_c: rosidl_typesupport_fastrtps_c;rosidl_typesupport_introspection_c
[0.648s] -- Using all available rosidl_typesupport_cpp: rosidl_typesupport_fastrtps_cpp;rosidl_typesupport_introspection_cpp
[0.686s] -- Found rmw_implementation_cmake: 6.1.2 (/opt/ros/humble/share/rmw_implementation_cmake/cmake)
[0.689s] -- Found rmw_cyclonedds_cpp: 1.3.4 (/opt/ros/humble/share/rmw_cyclonedds_cpp/cmake)
[0.709s] -- Using RMW implementation 'rmw_cyclonedds_cpp' as default
[0.719s] -- Looking for pthread.h
[0.774s] -- Looking for pthread.h - found
[0.774s] -- Performing Test CMAKE_HAVE_LIBC_PTHREAD
[0.839s] -- Performing Test CMAKE_HAVE_LIBC_PTHREAD - Success
[0.840s] -- Found Threads: TRUE  
[0.891s] -- Found ur_robot_driver: 2.15.0 (/home/huy/ur3_llm_ws/install/ur_robot_driver/share/ur_robot_driver/cmake)
[1.102s] -- Found eigen3_cmake_module: 0.1.1 (/opt/ros/humble/share/eigen3_cmake_module/cmake)
[1.103s] -- Found Eigen3: TRUE (found version "3.4.0") 
[1.104s] -- Ensuring Eigen3 include directory is part of orocos-kdl CMake target
[1.190s] -- Found yaml_cpp_vendor: 8.0.2 (/opt/ros/humble/share/yaml_cpp_vendor/cmake)
[1.222s] -- Found ament_cmake_gmock: 1.3.14 (/opt/ros/humble/share/ament_cmake_gmock/cmake)
[1.224s] -- Found gmock sources under '/opt/ros/humble/src/gmock_vendor': C++ tests using 'Google Mock' will be built
[1.228s] -- Found ament_cmake_gtest: 1.3.14 (/opt/ros/humble/share/ament_cmake_gtest/cmake)
[1.230s] -- Found gtest sources under '/opt/ros/humble/src/gtest_vendor': C++ tests using 'Google Test' will be built
[1.277s] -- Configuring done
[1.323s] -- Generating done
[1.330s] -- Build files have been written to: /home/huy/ur3_llm_ws/build/ur_calibration
[1.339s] Invoked command in '/home/huy/ur3_llm_ws/build/ur_calibration' returned '0': AMENT_PREFIX_PATH=/home/huy/ur3_llm_ws/install/ur_robot_driver:/home/huy/ur3_llm_ws/install/ur_controllers:/home/huy/ur3_llm_ws/install/ur_dashboard_msgs:${AMENT_PREFIX_PATH} CMAKE_PREFIX_PATH=/home/huy/ur3_llm_ws/install/ur_robot_driver:/home/huy/ur3_llm_ws/install/ur_controllers:/home/huy/ur3_llm_ws/install/ur_dashboard_msgs:/home/huy/ros2_ws/install/ur_simulation_gz:/home/huy/ros2_ws/install/ur_letter_writer:/home/huy/xecuahuy_ws/install/xecuahuy:/home/huy/xecuahuy_ws/install/slam_gmapping:/home/huy/xecuahuy_ws/install/openslam_gmapping:/home/huy/xecuahuy_ws/install/aws_robomaker_small_warehouse_world:/home/huy/install/xecuahuy:/home/huy/install/turtlebot3:/home/huy/install/turtlebot3_simulations:/home/huy/install/turtlebot3_bringup:/home/huy/install/turtlebot3_node:/home/huy/install/turtlebot3_fake_node:/home/huy/install/turtlebot3_msgs:/home/huy/install/turtlebot3_gazebo:/home/huy/install/slam_gmapping:/home/huy/install/micro_ros_setup:/home/huy/install/micro_ros_agent:/home/huy/install/micro_ros_msgs:/home/huy/install/dynamixel_sdk_examples:/home/huy/install/dynamixel_sdk_custom_interfaces:/home/huy/install/dynamixel_sdk:/home/huy/install/aws_robomaker_small_warehouse_world:/home/huy/install/turtlebot3_teleop:/home/huy/install/turtlebot3_navigation2:/home/huy/install/turtlebot3_example:/home/huy/install/turtlebot3_manipulation_gazebo:/home/huy/install/turtlebot3_description:/home/huy/install/turtlebot3_cartographer:/home/huy/install/openslam_gmapping:/opt/ros/humble LD_LIBRARY_PATH=/home/huy/ur3_llm_ws/install/ur_robot_driver/lib:/home/huy/ur3_llm_ws/install/ur_controllers/lib:/home/huy/ur3_llm_ws/install/ur_dashboard_msgs/lib:/home/huy/xecuahuy_ws/install/openslam_gmapping/lib:/home/huy/install/turtlebot3_msgs/lib:/home/huy/install/openslam_gmapping/lib:/home/huy/install/micro_ros_agent/lib:/home/huy/install/micro_ros_msgs/lib:/home/huy/install/dynamixel_sdk_custom_interfaces/lib:/home/huy/install/dynamixel_sdk/lib:/usr/lib/x86_64-linux-gnu/gazebo-11/plugins:/opt/ros/humble/opt/rviz_ogre_vendor/lib:/opt/ros/humble/lib/x86_64-linux-gnu:/opt/ros/humble/lib:/usr/lib/x86_64-linux-gnu/gazebo-11/plugins:/usr/lib/x86_64-linux-gnu/gazebo-11/plugins:/usr/lib/x86_64-linux-gnu/gazebo-11/plugins:/usr/lib/x86_64-linux-gnu/gazebo-11/plugins:/usr/lib/x86_64-linux-gnu/gazebo-11/plugins:/usr/lib/x86_64-linux-gnu/gazebo-11/plugins PATH=/home/huy/ur3_llm_ws/install/ur_robot_driver/bin:${PATH} PS1=${debian_chroot:+($debian_chroot)}\[\033[01;32m\]\u@\h\[\033[00m\]:\[\033[01;34m\]\w\[\033[00m\]\$ PYTHONPATH=/home/huy/ur3_llm_ws/install/ur_robot_driver/local/lib/python3.10/dist-packages:/home/huy/ur3_llm_ws/install/ur_dashboard_msgs/local/lib/python3.10/dist-packages:${PYTHONPATH} /usr/bin/cmake /home/huy/ur3_llm_ws/src/Universal_Robots_ROS2_Driver/ur_calibration -DAMENT_CMAKE_SYMLINK_INSTALL=1 -DCMAKE_INSTALL_PREFIX=/home/huy/ur3_llm_ws/install/ur_calibration
[1.339s] Invoking command in '/home/huy/ur3_llm_ws/build/ur_calibration': AMENT_PREFIX_PATH=/home/huy/ur3_llm_ws/install/ur_robot_driver:/home/huy/ur3_llm_ws/install/ur_controllers:/home/huy/ur3_llm_ws/install/ur_dashboard_msgs:${AMENT_PREFIX_PATH} CMAKE_PREFIX_PATH=/home/huy/ur3_llm_ws/install/ur_robot_driver:/home/huy/ur3_llm_ws/install/ur_controllers:/home/huy/ur3_llm_ws/install/ur_dashboard_msgs:/home/huy/ros2_ws/install/ur_simulation_gz:/home/huy/ros2_ws/install/ur_letter_writer:/home/huy/xecuahuy_ws/install/xecuahuy:/home/huy/xecuahuy_ws/install/slam_gmapping:/home/huy/xecuahuy_ws/install/openslam_gmapping:/home/huy/xecuahuy_ws/install/aws_robomaker_small_warehouse_world:/home/huy/install/xecuahuy:/home/huy/install/turtlebot3:/home/huy/install/turtlebot3_simulations:/home/huy/install/turtlebot3_bringup:/home/huy/install/turtlebot3_node:/home/huy/install/turtlebot3_fake_node:/home/huy/install/turtlebot3_msgs:/home/huy/install/turtlebot3_gazebo:/home/huy/install/slam_gmapping:/home/huy/install/micro_ros_setup:/home/huy/install/micro_ros_agent:/home/huy/install/micro_ros_msgs:/home/huy/install/dynamixel_sdk_examples:/home/huy/install/dynamixel_sdk_custom_interfaces:/home/huy/install/dynamixel_sdk:/home/huy/install/aws_robomaker_small_warehouse_world:/home/huy/install/turtlebot3_teleop:/home/huy/install/turtlebot3_navigation2:/home/huy/install/turtlebot3_example:/home/huy/install/turtlebot3_manipulation_gazebo:/home/huy/install/turtlebot3_description:/home/huy/install/turtlebot3_cartographer:/home/huy/install/openslam_gmapping:/opt/ros/humble LD_LIBRARY_PATH=/home/huy/ur3_llm_ws/install/ur_robot_driver/lib:/home/huy/ur3_llm_ws/install/ur_controllers/lib:/home/huy/ur3_llm_ws/install/ur_dashboard_msgs/lib:/home/huy/xecuahuy_ws/install/openslam_gmapping/lib:/home/huy/install/turtlebot3_msgs/lib:/home/huy/install/openslam_gmapping/lib:/home/huy/install/micro_ros_agent/lib:/home/huy/install/micro_ros_msgs/lib:/home/huy/install/dynamixel_sdk_custom_interfaces/lib:/home/huy/install/dynamixel_sdk/lib:/usr/lib/x86_64-linux-gnu/gazebo-11/plugins:/opt/ros/humble/opt/rviz_ogre_vendor/lib:/opt/ros/humble/lib/x86_64-linux-gnu:/opt/ros/humble/lib:/usr/lib/x86_64-linux-gnu/gazebo-11/plugins:/usr/lib/x86_64-linux-gnu/gazebo-11/plugins:/usr/lib/x86_64-linux-gnu/gazebo-11/plugins:/usr/lib/x86_64-linux-gnu/gazebo-11/plugins:/usr/lib/x86_64-linux-gnu/gazebo-11/plugins:/usr/lib/x86_64-linux-gnu/gazebo-11/plugins PATH=/home/huy/ur3_llm_ws/install/ur_robot_driver/bin:${PATH} PS1=${debian_chroot:+($debian_chroot)}\[\033[01;32m\]\u@\h\[\033[00m\]:\[\033[01;34m\]\w\[\033[00m\]\$ PYTHONPATH=/home/huy/ur3_llm_ws/install/ur_robot_driver/local/lib/python3.10/dist-packages:/home/huy/ur3_llm_ws/install/ur_dashboard_msgs/local/lib/python3.10/dist-packages:${PYTHONPATH} /usr/bin/cmake --build /home/huy/ur3_llm_ws/build/ur_calibration -- -j12 -l12
[1.374s] [  8%] [32mBuilding CXX object gmock/CMakeFiles/gmock_main.dir/src/gmock_main.cc.o[0m
[1.375s] [ 16%] [32mBuilding CXX object gmock/CMakeFiles/gmock.dir/src/gmock-all.cc.o[0m
[1.376s] [ 33%] [32mBuilding CXX object CMakeFiles/calibration.dir/src/calibration.cpp.o[0m
[1.377s] [ 33%] [32mBuilding CXX object CMakeFiles/calibration.dir/src/calibration_consumer.cpp.o[0m
[1.377s] [ 41%] [32mBuilding CXX object gmock/CMakeFiles/gmock.dir/opt/ros/humble/src/gtest_vendor/src/gtest-all.cc.o[0m
[2.520s] [ 50%] [32m[1mLinking CXX static library libgmock_main.a[0m
[2.571s] [ 50%] Built target gmock_main
[10.857s] [ 58%] [32m[1mLinking CXX static library libcalibration.a[0m
[11.209s] [ 66%] [32m[1mLinking CXX static library libgmock.a[0m
[13.319s] [ 66%] Built target calibration
[13.335s] [ 75%] [32mBuilding CXX object CMakeFiles/calibration_correction.dir/src/calibration_correction.cpp.o[0m
[15.417s] [ 75%] Built target gmock
[15.445s] [ 83%] [32mBuilding CXX object CMakeFiles/calibration_test.dir/test/calibration_test.cpp.o[0m
[20.720s] [ 91%] [32m[1mLinking CXX executable calibration_correction[0m
[24.192s] [100%] [32m[1mLinking CXX executable calibration_test[0m
[24.670s] [100%] Built target calibration_correction
[24.671s] [100%] Built target calibration_test
[24.729s] Invoked command in '/home/huy/ur3_llm_ws/build/ur_calibration' returned '0': AMENT_PREFIX_PATH=/home/huy/ur3_llm_ws/install/ur_robot_driver:/home/huy/ur3_llm_ws/install/ur_controllers:/home/huy/ur3_llm_ws/install/ur_dashboard_msgs:${AMENT_PREFIX_PATH} CMAKE_PREFIX_PATH=/home/huy/ur3_llm_ws/install/ur_robot_driver:/home/huy/ur3_llm_ws/install/ur_controllers:/home/huy/ur3_llm_ws/install/ur_dashboard_msgs:/home/huy/ros2_ws/install/ur_simulation_gz:/home/huy/ros2_ws/install/ur_letter_writer:/home/huy/xecuahuy_ws/install/xecuahuy:/home/huy/xecuahuy_ws/install/slam_gmapping:/home/huy/xecuahuy_ws/install/openslam_gmapping:/home/huy/xecuahuy_ws/install/aws_robomaker_small_warehouse_world:/home/huy/install/xecuahuy:/home/huy/install/turtlebot3:/home/huy/install/turtlebot3_simulations:/home/huy/install/turtlebot3_bringup:/home/huy/install/turtlebot3_node:/home/huy/install/turtlebot3_fake_node:/home/huy/install/turtlebot3_msgs:/home/huy/install/turtlebot3_gazebo:/home/huy/install/slam_gmapping:/home/huy/install/micro_ros_setup:/home/huy/install/micro_ros_agent:/home/huy/install/micro_ros_msgs:/home/huy/install/dynamixel_sdk_examples:/home/huy/install/dynamixel_sdk_custom_interfaces:/home/huy/install/dynamixel_sdk:/home/huy/install/aws_robomaker_small_warehouse_world:/home/huy/install/turtlebot3_teleop:/home/huy/install/turtlebot3_navigation2:/home/huy/install/turtlebot3_example:/home/huy/install/turtlebot3_manipulation_gazebo:/home/huy/install/turtlebot3_description:/home/huy/install/turtlebot3_cartographer:/home/huy/install/openslam_gmapping:/opt/ros/humble LD_LIBRARY_PATH=/home/huy/ur3_llm_ws/install/ur_robot_driver/lib:/home/huy/ur3_llm_ws/install/ur_controllers/lib:/home/huy/ur3_llm_ws/install/ur_dashboard_msgs/lib:/home/huy/xecuahuy_ws/install/openslam_gmapping/lib:/home/huy/install/turtlebot3_msgs/lib:/home/huy/install/openslam_gmapping/lib:/home/huy/install/micro_ros_agent/lib:/home/huy/install/micro_ros_msgs/lib:/home/huy/install/dynamixel_sdk_custom_interfaces/lib:/home/huy/install/dynamixel_sdk/lib:/usr/lib/x86_64-linux-gnu/gazebo-11/plugins:/opt/ros/humble/opt/rviz_ogre_vendor/lib:/opt/ros/humble/lib/x86_64-linux-gnu:/opt/ros/humble/lib:/usr/lib/x86_64-linux-gnu/gazebo-11/plugins:/usr/lib/x86_64-linux-gnu/gazebo-11/plugins:/usr/lib/x86_64-linux-gnu/gazebo-11/plugins:/usr/lib/x86_64-linux-gnu/gazebo-11/plugins:/usr/lib/x86_64-linux-gnu/gazebo-11/plugins:/usr/lib/x86_64-linux-gnu/gazebo-11/plugins PATH=/home/huy/ur3_llm_ws/install/ur_robot_driver/bin:${PATH} PS1=${debian_chroot:+($debian_chroot)}\[\033[01;32m\]\u@\h\[\033[00m\]:\[\033[01;34m\]\w\[\033[00m\]\$ PYTHONPATH=/home/huy/ur3_llm_ws/install/ur_robot_driver/local/lib/python3.10/dist-packages:/home/huy/ur3_llm_ws/install/ur_dashboard_msgs/local/lib/python3.10/dist-packages:${PYTHONPATH} /usr/bin/cmake --build /home/huy/ur3_llm_ws/build/ur_calibration -- -j12 -l12
[24.733s] Invoking command in '/home/huy/ur3_llm_ws/build/ur_calibration': AMENT_PREFIX_PATH=/home/huy/ur3_llm_ws/install/ur_robot_driver:/home/huy/ur3_llm_ws/install/ur_controllers:/home/huy/ur3_llm_ws/install/ur_dashboard_msgs:${AMENT_PREFIX_PATH} CMAKE_PREFIX_PATH=/home/huy/ur3_llm_ws/install/ur_robot_driver:/home/huy/ur3_llm_ws/install/ur_controllers:/home/huy/ur3_llm_ws/install/ur_dashboard_msgs:/home/huy/ros2_ws/install/ur_simulation_gz:/home/huy/ros2_ws/install/ur_letter_writer:/home/huy/xecuahuy_ws/install/xecuahuy:/home/huy/xecuahuy_ws/install/slam_gmapping:/home/huy/xecuahuy_ws/install/openslam_gmapping:/home/huy/xecuahuy_ws/install/aws_robomaker_small_warehouse_world:/home/huy/install/xecuahuy:/home/huy/install/turtlebot3:/home/huy/install/turtlebot3_simulations:/home/huy/install/turtlebot3_bringup:/home/huy/install/turtlebot3_node:/home/huy/install/turtlebot3_fake_node:/home/huy/install/turtlebot3_msgs:/home/huy/install/turtlebot3_gazebo:/home/huy/install/slam_gmapping:/home/huy/install/micro_ros_setup:/home/huy/install/micro_ros_agent:/home/huy/install/micro_ros_msgs:/home/huy/install/dynamixel_sdk_examples:/home/huy/install/dynamixel_sdk_custom_interfaces:/home/huy/install/dynamixel_sdk:/home/huy/install/aws_robomaker_small_warehouse_world:/home/huy/install/turtlebot3_teleop:/home/huy/install/turtlebot3_navigation2:/home/huy/install/turtlebot3_example:/home/huy/install/turtlebot3_manipulation_gazebo:/home/huy/install/turtlebot3_description:/home/huy/install/turtlebot3_cartographer:/home/huy/install/openslam_gmapping:/opt/ros/humble LD_LIBRARY_PATH=/home/huy/ur3_llm_ws/install/ur_robot_driver/lib:/home/huy/ur3_llm_ws/install/ur_controllers/lib:/home/huy/ur3_llm_ws/install/ur_dashboard_msgs/lib:/home/huy/xecuahuy_ws/install/openslam_gmapping/lib:/home/huy/install/turtlebot3_msgs/lib:/home/huy/install/openslam_gmapping/lib:/home/huy/install/micro_ros_agent/lib:/home/huy/install/micro_ros_msgs/lib:/home/huy/install/dynamixel_sdk_custom_interfaces/lib:/home/huy/install/dynamixel_sdk/lib:/usr/lib/x86_64-linux-gnu/gazebo-11/plugins:/opt/ros/humble/opt/rviz_ogre_vendor/lib:/opt/ros/humble/lib/x86_64-linux-gnu:/opt/ros/humble/lib:/usr/lib/x86_64-linux-gnu/gazebo-11/plugins:/usr/lib/x86_64-linux-gnu/gazebo-11/plugins:/usr/lib/x86_64-linux-gnu/gazebo-11/plugins:/usr/lib/x86_64-linux-gnu/gazebo-11/plugins:/usr/lib/x86_64-linux-gnu/gazebo-11/plugins:/usr/lib/x86_64-linux-gnu/gazebo-11/plugins PATH=/home/huy/ur3_llm_ws/install/ur_robot_driver/bin:${PATH} PS1=${debian_chroot:+($debian_chroot)}\[\033[01;32m\]\u@\h\[\033[00m\]:\[\033[01;34m\]\w\[\033[00m\]\$ PYTHONPATH=/home/huy/ur3_llm_ws/install/ur_robot_driver/local/lib/python3.10/dist-packages:/home/huy/ur3_llm_ws/install/ur_dashboard_msgs/local/lib/python3.10/dist-packages:${PYTHONPATH} /usr/bin/cmake --install /home/huy/ur3_llm_ws/build/ur_calibration
[24.741s] -- Install configuration: "RelWithDebInfo"
[24.742s] -- Execute custom install script
[24.742s] -- Symlinking: /home/huy/ur3_llm_ws/install/ur_calibration/lib/ur_calibration/calibration_correction
[24.754s] -- Symlinking: /home/huy/ur3_llm_ws/install/ur_calibration/include/ur_calibration/calibration.hpp
[24.766s] -- Symlinking: /home/huy/ur3_llm_ws/install/ur_calibration/include/ur_calibration/calibration_consumer.hpp
[25.595s] -- Symlinking: /home/huy/ur3_llm_ws/install/ur_calibration/share/ur_calibration/launch/calibration_correction.launch.py
[25.609s] -- Symlinking: /home/huy/ur3_llm_ws/install/ur_calibration/share/ament_index/resource_index/package_run_dependencies/ur_calibration
[25.620s] -- Symlinking: /home/huy/ur3_llm_ws/install/ur_calibration/share/ament_index/resource_index/parent_prefix_path/ur_calibration
[25.628s] -- Symlinking: /home/huy/ur3_llm_ws/install/ur_calibration/share/ur_calibration/environment/ament_prefix_path.sh
[25.635s] -- Symlinking: /home/huy/ur3_llm_ws/install/ur_calibration/share/ur_calibration/environment/ament_prefix_path.dsv
[25.643s] -- Symlinking: /home/huy/ur3_llm_ws/install/ur_calibration/share/ur_calibration/environment/path.sh
[25.648s] -- Symlinking: /home/huy/ur3_llm_ws/install/ur_calibration/share/ur_calibration/environment/path.dsv
[25.657s] -- Symlinking: /home/huy/ur3_llm_ws/install/ur_calibration/share/ur_calibration/local_setup.bash
[25.664s] -- Symlinking: /home/huy/ur3_llm_ws/install/ur_calibration/share/ur_calibration/local_setup.sh
[25.674s] -- Symlinking: /home/huy/ur3_llm_ws/install/ur_calibration/share/ur_calibration/local_setup.zsh
[25.684s] -- Symlinking: /home/huy/ur3_llm_ws/install/ur_calibration/share/ur_calibration/local_setup.dsv
[25.692s] -- Symlinking: /home/huy/ur3_llm_ws/install/ur_calibration/share/ur_calibration/package.dsv
[25.699s] -- Symlinking: /home/huy/ur3_llm_ws/install/ur_calibration/share/ament_index/resource_index/packages/ur_calibration
[25.706s] -- Symlinking: /home/huy/ur3_llm_ws/install/ur_calibration/share/ur_calibration/cmake/ament_cmake_export_include_directories-extras.cmake
[25.713s] -- Symlinking: /home/huy/ur3_llm_ws/install/ur_calibration/share/ur_calibration/cmake/ament_cmake_export_dependencies-extras.cmake
[25.719s] -- Symlinking: /home/huy/ur3_llm_ws/install/ur_calibration/share/ur_calibration/cmake/ur_calibrationConfig.cmake
[25.726s] -- Symlinking: /home/huy/ur3_llm_ws/install/ur_calibration/share/ur_calibration/cmake/ur_calibrationConfig-version.cmake
[25.735s] -- Symlinking: /home/huy/ur3_llm_ws/install/ur_calibration/share/ur_calibration/package.xml
[25.744s] Invoked command in '/home/huy/ur3_llm_ws/build/ur_calibration' returned '0': AMENT_PREFIX_PATH=/home/huy/ur3_llm_ws/install/ur_robot_driver:/home/huy/ur3_llm_ws/install/ur_controllers:/home/huy/ur3_llm_ws/install/ur_dashboard_msgs:${AMENT_PREFIX_PATH} CMAKE_PREFIX_PATH=/home/huy/ur3_llm_ws/install/ur_robot_driver:/home/huy/ur3_llm_ws/install/ur_controllers:/home/huy/ur3_llm_ws/install/ur_dashboard_msgs:/home/huy/ros2_ws/install/ur_simulation_gz:/home/huy/ros2_ws/install/ur_letter_writer:/home/huy/xecuahuy_ws/install/xecuahuy:/home/huy/xecuahuy_ws/install/slam_gmapping:/home/huy/xecuahuy_ws/install/openslam_gmapping:/home/huy/xecuahuy_ws/install/aws_robomaker_small_warehouse_world:/home/huy/install/xecuahuy:/home/huy/install/turtlebot3:/home/huy/install/turtlebot3_simulations:/home/huy/install/turtlebot3_bringup:/home/huy/install/turtlebot3_node:/home/huy/install/turtlebot3_fake_node:/home/huy/install/turtlebot3_msgs:/home/huy/install/turtlebot3_gazebo:/home/huy/install/slam_gmapping:/home/huy/install/micro_ros_setup:/home/huy/install/micro_ros_agent:/home/huy/install/micro_ros_msgs:/home/huy/install/dynamixel_sdk_examples:/home/huy/install/dynamixel_sdk_custom_interfaces:/home/huy/install/dynamixel_sdk:/home/huy/install/aws_robomaker_small_warehouse_world:/home/huy/install/turtlebot3_teleop:/home/huy/install/turtlebot3_navigation2:/home/huy/install/turtlebot3_example:/home/huy/install/turtlebot3_manipulation_gazebo:/home/huy/install/turtlebot3_description:/home/huy/install/turtlebot3_cartographer:/home/huy/install/openslam_gmapping:/opt/ros/humble LD_LIBRARY_PATH=/home/huy/ur3_llm_ws/install/ur_robot_driver/lib:/home/huy/ur3_llm_ws/install/ur_controllers/lib:/home/huy/ur3_llm_ws/install/ur_dashboard_msgs/lib:/home/huy/xecuahuy_ws/install/openslam_gmapping/lib:/home/huy/install/turtlebot3_msgs/lib:/home/huy/install/openslam_gmapping/lib:/home/huy/install/micro_ros_agent/lib:/home/huy/install/micro_ros_msgs/lib:/home/huy/install/dynamixel_sdk_custom_interfaces/lib:/home/huy/install/dynamixel_sdk/lib:/usr/lib/x86_64-linux-gnu/gazebo-11/plugins:/opt/ros/humble/opt/rviz_ogre_vendor/lib:/opt/ros/humble/lib/x86_64-linux-gnu:/opt/ros/humble/lib:/usr/lib/x86_64-linux-gnu/gazebo-11/plugins:/usr/lib/x86_64-linux-gnu/gazebo-11/plugins:/usr/lib/x86_64-linux-gnu/gazebo-11/plugins:/usr/lib/x86_64-linux-gnu/gazebo-11/plugins:/usr/lib/x86_64-linux-gnu/gazebo-11/plugins:/usr/lib/x86_64-linux-gnu/gazebo-11/plugins PATH=/home/huy/ur3_llm_ws/install/ur_robot_driver/bin:${PATH} PS1=${debian_chroot:+($debian_chroot)}\[\033[01;32m\]\u@\h\[\033[00m\]:\[\033[01;34m\]\w\[\033[00m\]\$ PYTHONPATH=/home/huy/ur3_llm_ws/install/ur_robot_driver/local/lib/python3.10/dist-packages:/home/huy/ur3_llm_ws/install/ur_dashboard_msgs/local/lib/python3.10/dist-packages:${PYTHONPATH} /usr/bin/cmake --install /home/huy/ur3_llm_ws/build/ur_calibration
