running egg_info
writing ../../build/ur3_llm_control/ur3_llm_control.egg-info/PKG-INFO
writing dependency_links to ../../build/ur3_llm_control/ur3_llm_control.egg-info/dependency_links.txt
writing entry points to ../../build/ur3_llm_control/ur3_llm_control.egg-info/entry_points.txt
writing requirements to ../../build/ur3_llm_control/ur3_llm_control.egg-info/requires.txt
writing top-level names to ../../build/ur3_llm_control/ur3_llm_control.egg-info/top_level.txt
reading manifest file '../../build/ur3_llm_control/ur3_llm_control.egg-info/SOURCES.txt'
writing manifest file '../../build/ur3_llm_control/ur3_llm_control.egg-info/SOURCES.txt'
running build
running build_py
copying ur3_llm_control/move_to_pose.py -> /home/huy/ur3_llm_ws/build/ur3_llm_control/build/lib/ur3_llm_control
running install
running install_lib
copying /home/huy/ur3_llm_ws/build/ur3_llm_control/build/lib/ur3_llm_control/move_to_pose.py -> /home/huy/ur3_llm_ws/install/ur3_llm_control/lib/python3.10/site-packages/ur3_llm_control
byte-compiling /home/huy/ur3_llm_ws/install/ur3_llm_control/lib/python3.10/site-packages/ur3_llm_control/move_to_pose.py to move_to_pose.cpython-310.pyc
running install_data
running install_egg_info
removing '/home/huy/ur3_llm_ws/install/ur3_llm_control/lib/python3.10/site-packages/ur3_llm_control-0.0.0-py3.10.egg-info' (and everything under it)
Copying ../../build/ur3_llm_control/ur3_llm_control.egg-info to /home/huy/ur3_llm_ws/install/ur3_llm_control/lib/python3.10/site-packages/ur3_llm_control-0.0.0-py3.10.egg-info
running install_scripts
Installing check_moveit script to /home/huy/ur3_llm_ws/install/ur3_llm_control/lib/ur3_llm_control
Installing command_node script to /home/huy/ur3_llm_ws/install/ur3_llm_control/lib/ur3_llm_control
Installing llm_node script to /home/huy/ur3_llm_ws/install/ur3_llm_control/lib/ur3_llm_control
Installing move_home script to /home/huy/ur3_llm_ws/install/ur3_llm_control/lib/ur3_llm_control
Installing move_joint script to /home/huy/ur3_llm_ws/install/ur3_llm_control/lib/ur3_llm_control
Installing move_to_pose script to /home/huy/ur3_llm_ws/install/ur3_llm_control/lib/ur3_llm_control
Installing skill_executor script to /home/huy/ur3_llm_ws/install/ur3_llm_control/lib/ur3_llm_control
writing list of installed files to '/home/huy/ur3_llm_ws/build/ur3_llm_control/install.log'
