[0.017s] Invoking command in '/home/huy/ur3_llm_ws/build/ur_bringup': CMAKE_PREFIX_PATH=/home/huy/ur3_llm_ws/install/ur_controllers:/home/huy/ur3_llm_ws/install/ur_dashboard_msgs:/home/huy/ros2_ws/install/ur_simulation_gz:/home/huy/ros2_ws/install/ur_letter_writer:/home/huy/ur3_llm_ws/install/ur:/home/huy/ur3_llm_ws/install/ur_calibration:/home/huy/ur3_llm_ws/install/ur_robot_driver:/home/huy/ur3_llm_ws/install/ur_moveit_config:/home/huy/ur3_llm_ws/install/ur_bringup:/home/huy/ur3_llm_ws/install/ur3_robot_skills:/home/huy/xecuahuy_ws/install/xecuahuy:/home/huy/xecuahuy_ws/install/slam_gmapping:/home/huy/xecuahuy_ws/install/openslam_gmapping:/home/huy/xecuahuy_ws/install/aws_robomaker_small_warehouse_world:/home/huy/ur3_llm_ws/install/ur3_llm_control:/opt/ros/humble LD_LIBRARY_PATH=/home/huy/ur3_llm_ws/install/ur_controllers/lib:/home/huy/ur3_llm_ws/install/ur_dashboard_msgs/lib:/home/huy/ur3_llm_ws/install/ur_robot_driver/lib:/home/huy/xecuahuy_ws/install/openslam_gmapping/lib:/usr/lib/x86_64-linux-gnu/gazebo-11/plugins:/opt/ros/humble/opt/rviz_ogre_vendor/lib:/opt/ros/humble/lib/x86_64-linux-gnu:/opt/ros/humble/lib:/usr/lib/x86_64-linux-gnu/gazebo-11/plugins:/usr/lib/x86_64-linux-gnu/gazebo-11/plugins:/usr/lib/x86_64-linux-gnu/gazebo-11/plugins PS1=${debian_chroot:+($debian_chroot)}\[\033[01;32m\]\u@\h\[\033[00m\]:\[\033[01;34m\]\w\[\033[00m\]\$ /usr/bin/cmake --build /home/huy/ur3_llm_ws/build/ur_bringup -- -j12 -l12
[0.061s] Invoked command in '/home/huy/ur3_llm_ws/build/ur_bringup' returned '0': CMAKE_PREFIX_PATH=/home/huy/ur3_llm_ws/install/ur_controllers:/home/huy/ur3_llm_ws/install/ur_dashboard_msgs:/home/huy/ros2_ws/install/ur_simulation_gz:/home/huy/ros2_ws/install/ur_letter_writer:/home/huy/ur3_llm_ws/install/ur:/home/huy/ur3_llm_ws/install/ur_calibration:/home/huy/ur3_llm_ws/install/ur_robot_driver:/home/huy/ur3_llm_ws/install/ur_moveit_config:/home/huy/ur3_llm_ws/install/ur_bringup:/home/huy/ur3_llm_ws/install/ur3_robot_skills:/home/huy/xecuahuy_ws/install/xecuahuy:/home/huy/xecuahuy_ws/install/slam_gmapping:/home/huy/xecuahuy_ws/install/openslam_gmapping:/home/huy/xecuahuy_ws/install/aws_robomaker_small_warehouse_world:/home/huy/ur3_llm_ws/install/ur3_llm_control:/opt/ros/humble LD_LIBRARY_PATH=/home/huy/ur3_llm_ws/install/ur_controllers/lib:/home/huy/ur3_llm_ws/install/ur_dashboard_msgs/lib:/home/huy/ur3_llm_ws/install/ur_robot_driver/lib:/home/huy/xecuahuy_ws/install/openslam_gmapping/lib:/usr/lib/x86_64-linux-gnu/gazebo-11/plugins:/opt/ros/humble/opt/rviz_ogre_vendor/lib:/opt/ros/humble/lib/x86_64-linux-gnu:/opt/ros/humble/lib:/usr/lib/x86_64-linux-gnu/gazebo-11/plugins:/usr/lib/x86_64-linux-gnu/gazebo-11/plugins:/usr/lib/x86_64-linux-gnu/gazebo-11/plugins PS1=${debian_chroot:+($debian_chroot)}\[\033[01;32m\]\u@\h\[\033[00m\]:\[\033[01;34m\]\w\[\033[00m\]\$ /usr/bin/cmake --build /home/huy/ur3_llm_ws/build/ur_bringup -- -j12 -l12
[0.068s] Invoking command in '/home/huy/ur3_llm_ws/build/ur_bringup': CMAKE_PREFIX_PATH=/home/huy/ur3_llm_ws/install/ur_controllers:/home/huy/ur3_llm_ws/install/ur_dashboard_msgs:/home/huy/ros2_ws/install/ur_simulation_gz:/home/huy/ros2_ws/install/ur_letter_writer:/home/huy/ur3_llm_ws/install/ur:/home/huy/ur3_llm_ws/install/ur_calibration:/home/huy/ur3_llm_ws/install/ur_robot_driver:/home/huy/ur3_llm_ws/install/ur_moveit_config:/home/huy/ur3_llm_ws/install/ur_bringup:/home/huy/ur3_llm_ws/install/ur3_robot_skills:/home/huy/xecuahuy_ws/install/xecuahuy:/home/huy/xecuahuy_ws/install/slam_gmapping:/home/huy/xecuahuy_ws/install/openslam_gmapping:/home/huy/xecuahuy_ws/install/aws_robomaker_small_warehouse_world:/home/huy/ur3_llm_ws/install/ur3_llm_control:/opt/ros/humble LD_LIBRARY_PATH=/home/huy/ur3_llm_ws/install/ur_controllers/lib:/home/huy/ur3_llm_ws/install/ur_dashboard_msgs/lib:/home/huy/ur3_llm_ws/install/ur_robot_driver/lib:/home/huy/xecuahuy_ws/install/openslam_gmapping/lib:/usr/lib/x86_64-linux-gnu/gazebo-11/plugins:/opt/ros/humble/opt/rviz_ogre_vendor/lib:/opt/ros/humble/lib/x86_64-linux-gnu:/opt/ros/humble/lib:/usr/lib/x86_64-linux-gnu/gazebo-11/plugins:/usr/lib/x86_64-linux-gnu/gazebo-11/plugins:/usr/lib/x86_64-linux-gnu/gazebo-11/plugins PS1=${debian_chroot:+($debian_chroot)}\[\033[01;32m\]\u@\h\[\033[00m\]:\[\033[01;34m\]\w\[\033[00m\]\$ /usr/bin/cmake --install /home/huy/ur3_llm_ws/build/ur_bringup
[0.078s] -- Install configuration: ""
[0.080s] -- Execute custom install script
[0.080s] -- Up-to-date symlink: /home/huy/ur3_llm_ws/install/ur_bringup/share/ur_bringup/config/test_goal_publishers_config.yaml
[0.080s] -- Up-to-date symlink: /home/huy/ur3_llm_ws/install/ur_bringup/share/ur_bringup/config/test_velocity_goal_publishers_config.yaml
[0.080s] -- Up-to-date symlink: /home/huy/ur3_llm_ws/install/ur_bringup/share/ur_bringup/config/ur10_update_rate.yaml
[0.081s] -- Up-to-date symlink: /home/huy/ur3_llm_ws/install/ur_bringup/share/ur_bringup/config/ur10e_update_rate.yaml
[0.081s] -- Up-to-date symlink: /home/huy/ur3_llm_ws/install/ur_bringup/share/ur_bringup/config/ur16e_update_rate.yaml
[0.081s] -- Up-to-date symlink: /home/huy/ur3_llm_ws/install/ur_bringup/share/ur_bringup/config/ur18_update_rate.yaml
[0.081s] -- Up-to-date symlink: /home/huy/ur3_llm_ws/install/ur_bringup/share/ur_bringup/config/ur3_update_rate.yaml
[0.082s] -- Up-to-date symlink: /home/huy/ur3_llm_ws/install/ur_bringup/share/ur_bringup/config/ur3e_update_rate.yaml
[0.082s] -- Up-to-date symlink: /home/huy/ur3_llm_ws/install/ur_bringup/share/ur_bringup/config/ur5_update_rate.yaml
[0.082s] -- Up-to-date symlink: /home/huy/ur3_llm_ws/install/ur_bringup/share/ur_bringup/config/ur5e_update_rate.yaml
[0.082s] -- Up-to-date symlink: /home/huy/ur3_llm_ws/install/ur_bringup/share/ur_bringup/config/ur8long_update_rate.yaml
[0.083s] -- Up-to-date symlink: /home/huy/ur3_llm_ws/install/ur_bringup/share/ur_bringup/config/ur_controllers.yaml
[0.084s] -- Up-to-date symlink: /home/huy/ur3_llm_ws/install/ur_bringup/share/ur_bringup/launch/test_forward_velocity_controller.launch.py
[0.087s] -- Up-to-date symlink: /home/huy/ur3_llm_ws/install/ur_bringup/share/ur_bringup/launch/test_joint_trajectory_controller.launch.py
[0.088s] -- Up-to-date symlink: /home/huy/ur3_llm_ws/install/ur_bringup/share/ur_bringup/launch/test_scaled_joint_trajectory_controller.launch.py
[0.088s] -- Up-to-date symlink: /home/huy/ur3_llm_ws/install/ur_bringup/share/ur_bringup/launch/ur10.launch.py
[0.088s] -- Up-to-date symlink: /home/huy/ur3_llm_ws/install/ur_bringup/share/ur_bringup/launch/ur10e.launch.py
[0.088s] -- Up-to-date symlink: /home/huy/ur3_llm_ws/install/ur_bringup/share/ur_bringup/launch/ur12e.launch.py
[0.089s] -- Up-to-date symlink: /home/huy/ur3_llm_ws/install/ur_bringup/share/ur_bringup/launch/ur15.launch.py
[0.089s] -- Up-to-date symlink: /home/huy/ur3_llm_ws/install/ur_bringup/share/ur_bringup/launch/ur16e.launch.py
[0.089s] -- Up-to-date symlink: /home/huy/ur3_llm_ws/install/ur_bringup/share/ur_bringup/launch/ur18.launch.py
[0.089s] -- Up-to-date symlink: /home/huy/ur3_llm_ws/install/ur_bringup/share/ur_bringup/launch/ur20.launch.py
[0.089s] -- Up-to-date symlink: /home/huy/ur3_llm_ws/install/ur_bringup/share/ur_bringup/launch/ur3.launch.py
[0.089s] -- Up-to-date symlink: /home/huy/ur3_llm_ws/install/ur_bringup/share/ur_bringup/launch/ur30.launch.py
[0.093s] -- Up-to-date symlink: /home/huy/ur3_llm_ws/install/ur_bringup/share/ur_bringup/launch/ur3e.launch.py
[0.094s] -- Up-to-date symlink: /home/huy/ur3_llm_ws/install/ur_bringup/share/ur_bringup/launch/ur5.launch.py
[0.094s] -- Up-to-date symlink: /home/huy/ur3_llm_ws/install/ur_bringup/share/ur_bringup/launch/ur5e.launch.py
[0.094s] -- Up-to-date symlink: /home/huy/ur3_llm_ws/install/ur_bringup/share/ur_bringup/launch/ur7e.launch.py
[0.095s] -- Up-to-date symlink: /home/huy/ur3_llm_ws/install/ur_bringup/share/ur_bringup/launch/ur8long.launch.py
[0.095s] -- Up-to-date symlink: /home/huy/ur3_llm_ws/install/ur_bringup/share/ur_bringup/launch/ur_control.launch.py
[0.095s] -- Up-to-date symlink: /home/huy/ur3_llm_ws/install/ur_bringup/share/ur_bringup/launch/ur_dashboard_client.launch.py
[0.095s] -- Up-to-date symlink: /home/huy/ur3_llm_ws/install/ur_bringup/lib/ur_bringup/start_ursim.sh
[0.095s] -- Up-to-date symlink: /home/huy/ur3_llm_ws/install/ur_bringup/share/ament_index/resource_index/package_run_dependencies/ur_bringup
[0.095s] -- Up-to-date symlink: /home/huy/ur3_llm_ws/install/ur_bringup/share/ament_index/resource_index/parent_prefix_path/ur_bringup
[0.095s] -- Up-to-date symlink: /home/huy/ur3_llm_ws/install/ur_bringup/share/ur_bringup/environment/ament_prefix_path.sh
[0.096s] -- Up-to-date symlink: /home/huy/ur3_llm_ws/install/ur_bringup/share/ur_bringup/environment/ament_prefix_path.dsv
[0.096s] -- Up-to-date symlink: /home/huy/ur3_llm_ws/install/ur_bringup/share/ur_bringup/environment/path.sh
[0.096s] -- Up-to-date symlink: /home/huy/ur3_llm_ws/install/ur_bringup/share/ur_bringup/environment/path.dsv
[0.096s] -- Up-to-date symlink: /home/huy/ur3_llm_ws/install/ur_bringup/share/ur_bringup/local_setup.bash
[0.097s] -- Up-to-date symlink: /home/huy/ur3_llm_ws/install/ur_bringup/share/ur_bringup/local_setup.sh
[0.097s] -- Up-to-date symlink: /home/huy/ur3_llm_ws/install/ur_bringup/share/ur_bringup/local_setup.zsh
[0.097s] -- Up-to-date symlink: /home/huy/ur3_llm_ws/install/ur_bringup/share/ur_bringup/local_setup.dsv
[0.097s] -- Symlinking: /home/huy/ur3_llm_ws/install/ur_bringup/share/ur_bringup/package.dsv
[0.104s] -- Up-to-date symlink: /home/huy/ur3_llm_ws/install/ur_bringup/share/ament_index/resource_index/packages/ur_bringup
[0.104s] -- Up-to-date symlink: /home/huy/ur3_llm_ws/install/ur_bringup/share/ur_bringup/cmake/ur_bringupConfig.cmake
[0.104s] -- Up-to-date symlink: /home/huy/ur3_llm_ws/install/ur_bringup/share/ur_bringup/cmake/ur_bringupConfig-version.cmake
[0.105s] -- Up-to-date symlink: /home/huy/ur3_llm_ws/install/ur_bringup/share/ur_bringup/package.xml
[0.107s] Invoked command in '/home/huy/ur3_llm_ws/build/ur_bringup' returned '0': CMAKE_PREFIX_PATH=/home/huy/ur3_llm_ws/install/ur_controllers:/home/huy/ur3_llm_ws/install/ur_dashboard_msgs:/home/huy/ros2_ws/install/ur_simulation_gz:/home/huy/ros2_ws/install/ur_letter_writer:/home/huy/ur3_llm_ws/install/ur:/home/huy/ur3_llm_ws/install/ur_calibration:/home/huy/ur3_llm_ws/install/ur_robot_driver:/home/huy/ur3_llm_ws/install/ur_moveit_config:/home/huy/ur3_llm_ws/install/ur_bringup:/home/huy/ur3_llm_ws/install/ur3_robot_skills:/home/huy/xecuahuy_ws/install/xecuahuy:/home/huy/xecuahuy_ws/install/slam_gmapping:/home/huy/xecuahuy_ws/install/openslam_gmapping:/home/huy/xecuahuy_ws/install/aws_robomaker_small_warehouse_world:/home/huy/ur3_llm_ws/install/ur3_llm_control:/opt/ros/humble LD_LIBRARY_PATH=/home/huy/ur3_llm_ws/install/ur_controllers/lib:/home/huy/ur3_llm_ws/install/ur_dashboard_msgs/lib:/home/huy/ur3_llm_ws/install/ur_robot_driver/lib:/home/huy/xecuahuy_ws/install/openslam_gmapping/lib:/usr/lib/x86_64-linux-gnu/gazebo-11/plugins:/opt/ros/humble/opt/rviz_ogre_vendor/lib:/opt/ros/humble/lib/x86_64-linux-gnu:/opt/ros/humble/lib:/usr/lib/x86_64-linux-gnu/gazebo-11/plugins:/usr/lib/x86_64-linux-gnu/gazebo-11/plugins:/usr/lib/x86_64-linux-gnu/gazebo-11/plugins PS1=${debian_chroot:+($debian_chroot)}\[\033[01;32m\]\u@\h\[\033[00m\]:\[\033[01;34m\]\w\[\033[00m\]\$ /usr/bin/cmake --install /home/huy/ur3_llm_ws/build/ur_bringup
