[0.729s] Invoking command in '/home/huy/ur3_llm_ws/src/ur3_llm_control': PS1=${debian_chroot:+($debian_chroot)}\[\033[01;32m\]\u@\h\[\033[00m\]:\[\033[01;34m\]\w\[\033[00m\]\$ PYTHONPATH=/home/huy/ur3_llm_ws/build/ur3_llm_control/prefix_override:/usr/lib/python3/dist-packages/colcon_core/task/python/colcon_distutils_commands:/home/huy/ur3_llm_ws/install/ur3_llm_control/lib/python3.10/site-packages:${PYTHONPATH} /usr/bin/python3 -W ignore:setup.py install is deprecated -W ignore:easy_install command is deprecated setup.py egg_info --egg-base ../../build/ur3_llm_control build --build-base /home/huy/ur3_llm_ws/build/ur3_llm_control/build install --record /home/huy/ur3_llm_ws/build/ur3_llm_control/install.log --single-version-externally-managed install_data
[0.970s] running egg_info
[0.971s] writing ../../build/ur3_llm_control/ur3_llm_control.egg-info/PKG-INFO
[0.972s] writing dependency_links to ../../build/ur3_llm_control/ur3_llm_control.egg-info/dependency_links.txt
[0.972s] writing entry points to ../../build/ur3_llm_control/ur3_llm_control.egg-info/entry_points.txt
[0.972s] writing requirements to ../../build/ur3_llm_control/ur3_llm_control.egg-info/requires.txt
[0.972s] writing top-level names to ../../build/ur3_llm_control/ur3_llm_control.egg-info/top_level.txt
[0.974s] reading manifest file '../../build/ur3_llm_control/ur3_llm_control.egg-info/SOURCES.txt'
[0.975s] writing manifest file '../../build/ur3_llm_control/ur3_llm_control.egg-info/SOURCES.txt'
[0.975s] running build
[0.975s] running build_py
[0.976s] running install
[0.976s] running install_lib
[0.978s] running install_data
[0.978s] creating /home/huy/ur3_llm_ws/install/ur3_llm_control/share/ur3_llm_control/urdf
[0.978s] copying urdf/ur.urdf.xacro -> /home/huy/ur3_llm_ws/install/ur3_llm_control/share/ur3_llm_control/urdf
[0.979s] running install_egg_info
[0.980s] removing '/home/huy/ur3_llm_ws/install/ur3_llm_control/lib/python3.10/site-packages/ur3_llm_control-0.0.0-py3.10.egg-info' (and everything under it)
[0.980s] Copying ../../build/ur3_llm_control/ur3_llm_control.egg-info to /home/huy/ur3_llm_ws/install/ur3_llm_control/lib/python3.10/site-packages/ur3_llm_control-0.0.0-py3.10.egg-info
[0.981s] running install_scripts
[1.001s] Installing check_moveit script to /home/huy/ur3_llm_ws/install/ur3_llm_control/lib/ur3_llm_control
[1.001s] Installing command_node script to /home/huy/ur3_llm_ws/install/ur3_llm_control/lib/ur3_llm_control
[1.001s] Installing llm_node script to /home/huy/ur3_llm_ws/install/ur3_llm_control/lib/ur3_llm_control
[1.001s] Installing move_home script to /home/huy/ur3_llm_ws/install/ur3_llm_control/lib/ur3_llm_control
[1.001s] Installing move_joint script to /home/huy/ur3_llm_ws/install/ur3_llm_control/lib/ur3_llm_control
[1.001s] Installing move_to_pose script to /home/huy/ur3_llm_ws/install/ur3_llm_control/lib/ur3_llm_control
[1.001s] Installing skill_executor script to /home/huy/ur3_llm_ws/install/ur3_llm_control/lib/ur3_llm_control
[1.002s] writing list of installed files to '/home/huy/ur3_llm_ws/build/ur3_llm_control/install.log'
[1.031s] Invoked command in '/home/huy/ur3_llm_ws/src/ur3_llm_control' returned '0': PS1=${debian_chroot:+($debian_chroot)}\[\033[01;32m\]\u@\h\[\033[00m\]:\[\033[01;34m\]\w\[\033[00m\]\$ PYTHONPATH=/home/huy/ur3_llm_ws/build/ur3_llm_control/prefix_override:/usr/lib/python3/dist-packages/colcon_core/task/python/colcon_distutils_commands:/home/huy/ur3_llm_ws/install/ur3_llm_control/lib/python3.10/site-packages:${PYTHONPATH} /usr/bin/python3 -W ignore:setup.py install is deprecated -W ignore:easy_install command is deprecated setup.py egg_info --egg-base ../../build/ur3_llm_control build --build-base /home/huy/ur3_llm_ws/build/ur3_llm_control/build install --record /home/huy/ur3_llm_ws/build/ur3_llm_control/install.log --single-version-externally-managed install_data
